Archive member included because of file (symbol)

/usr/local/arm-4.8.3/bin/../lib/gcc/arm-none-eabi/4.8.3/../../../../arm-none-eabi/lib/armv7-m/libc.a(lib_a-aeabi_atexit.o)
                              build/braids/braids.o (__aeabi_atexit)
/usr/local/arm-4.8.3/bin/../lib/gcc/arm-none-eabi/4.8.3/../../../../arm-none-eabi/lib/armv7-m/libc.a(lib_a-cxa_atexit.o)
                              /usr/local/arm-4.8.3/bin/../lib/gcc/arm-none-eabi/4.8.3/../../../../arm-none-eabi/lib/armv7-m/libc.a(lib_a-aeabi_atexit.o) (__cxa_atexit)
/usr/local/arm-4.8.3/bin/../lib/gcc/arm-none-eabi/4.8.3/../../../../arm-none-eabi/lib/armv7-m/libc.a(lib_a-exit.o)
                              /usr/local/arm-4.8.3/bin/../lib/gcc/arm-none-eabi/4.8.3/../../../../arm-none-eabi/lib/armv7-m/crt0.o (exit)
/usr/local/arm-4.8.3/bin/../lib/gcc/arm-none-eabi/4.8.3/../../../../arm-none-eabi/lib/armv7-m/libc.a(lib_a-impure.o)
                              /usr/local/arm-4.8.3/bin/../lib/gcc/arm-none-eabi/4.8.3/../../../../arm-none-eabi/lib/armv7-m/libc.a(lib_a-exit.o) (_global_impure_ptr)
/usr/local/arm-4.8.3/bin/../lib/gcc/arm-none-eabi/4.8.3/../../../../arm-none-eabi/lib/armv7-m/libc.a(lib_a-init.o)
                              /usr/local/arm-4.8.3/bin/../lib/gcc/arm-none-eabi/4.8.3/../../../../arm-none-eabi/lib/armv7-m/crt0.o (__libc_init_array)
/usr/local/arm-4.8.3/bin/../lib/gcc/arm-none-eabi/4.8.3/../../../../arm-none-eabi/lib/armv7-m/libc.a(lib_a-memcpy.o)
                              build/braids/settings.o (memcpy)
/usr/local/arm-4.8.3/bin/../lib/gcc/arm-none-eabi/4.8.3/../../../../arm-none-eabi/lib/armv7-m/libc.a(lib_a-memset.o)
                              /usr/local/arm-4.8.3/bin/../lib/gcc/arm-none-eabi/4.8.3/../../../../arm-none-eabi/lib/armv7-m/crt0.o (memset)
/usr/local/arm-4.8.3/bin/../lib/gcc/arm-none-eabi/4.8.3/../../../../arm-none-eabi/lib/armv7-m/libc.a(lib_a-strcmp.o)
                              build/braids/settings.o (strcmp)
/usr/local/arm-4.8.3/bin/../lib/gcc/arm-none-eabi/4.8.3/../../../../arm-none-eabi/lib/armv7-m/libc.a(lib_a-strlen.o)
                              build/braids/ui.o (strlen)
/usr/local/arm-4.8.3/bin/../lib/gcc/arm-none-eabi/4.8.3/../../../../arm-none-eabi/lib/armv7-m/libc.a(lib_a-strncpy.o)
                              build/braids/display.o (strncpy)
/usr/local/arm-4.8.3/bin/../lib/gcc/arm-none-eabi/4.8.3/../../../../arm-none-eabi/lib/armv7-m/libc.a(lib_a-__atexit.o)
                              /usr/local/arm-4.8.3/bin/../lib/gcc/arm-none-eabi/4.8.3/../../../../arm-none-eabi/lib/armv7-m/libc.a(lib_a-cxa_atexit.o) (__register_exitproc)
/usr/local/arm-4.8.3/bin/../lib/gcc/arm-none-eabi/4.8.3/../../../../arm-none-eabi/lib/armv7-m/libc.a(lib_a-__call_atexit.o)
                              /usr/local/arm-4.8.3/bin/../lib/gcc/arm-none-eabi/4.8.3/../../../../arm-none-eabi/lib/armv7-m/libc.a(lib_a-exit.o) (__call_exitprocs)
/usr/local/arm-4.8.3/bin/../lib/gcc/arm-none-eabi/4.8.3/../../../../arm-none-eabi/lib/armv7-m/libc.a(lib_a-atexit.o)
                              /usr/local/arm-4.8.3/bin/../lib/gcc/arm-none-eabi/4.8.3/../../../../arm-none-eabi/lib/armv7-m/libc.a(lib_a-__call_atexit.o) (atexit)
/usr/local/arm-4.8.3/bin/../lib/gcc/arm-none-eabi/4.8.3/../../../../arm-none-eabi/lib/armv7-m/libc.a(lib_a-fini.o)
                              /usr/local/arm-4.8.3/bin/../lib/gcc/arm-none-eabi/4.8.3/../../../../arm-none-eabi/lib/armv7-m/libc.a(lib_a-__call_atexit.o) (__libc_fini_array)

Discarded input sections

 .text          0x00000000        0x0 /usr/local/arm-4.8.3/bin/../lib/gcc/arm-none-eabi/4.8.3/armv7-m/crti.o
 .data          0x00000000        0x0 /usr/local/arm-4.8.3/bin/../lib/gcc/arm-none-eabi/4.8.3/armv7-m/crti.o
 .bss           0x00000000        0x0 /usr/local/arm-4.8.3/bin/../lib/gcc/arm-none-eabi/4.8.3/armv7-m/crti.o
 .text          0x00000000       0x54 /usr/local/arm-4.8.3/bin/../lib/gcc/arm-none-eabi/4.8.3/armv7-m/crtbegin.o
 .data          0x00000000        0x4 /usr/local/arm-4.8.3/bin/../lib/gcc/arm-none-eabi/4.8.3/armv7-m/crtbegin.o
 .bss           0x00000000       0x1c /usr/local/arm-4.8.3/bin/../lib/gcc/arm-none-eabi/4.8.3/armv7-m/crtbegin.o
 .init_array    0x00000000        0x4 /usr/local/arm-4.8.3/bin/../lib/gcc/arm-none-eabi/4.8.3/armv7-m/crtbegin.o
 .fini_array    0x00000000        0x4 /usr/local/arm-4.8.3/bin/../lib/gcc/arm-none-eabi/4.8.3/armv7-m/crtbegin.o
 .eh_frame      0x00000000        0x0 /usr/local/arm-4.8.3/bin/../lib/gcc/arm-none-eabi/4.8.3/armv7-m/crtbegin.o
 .jcr           0x00000000        0x0 /usr/local/arm-4.8.3/bin/../lib/gcc/arm-none-eabi/4.8.3/armv7-m/crtbegin.o
 .ARM.attributes
                0x00000000       0x2d /usr/local/arm-4.8.3/bin/../lib/gcc/arm-none-eabi/4.8.3/armv7-m/crtbegin.o
 .text          0x00000000       0x74 /usr/local/arm-4.8.3/bin/../lib/gcc/arm-none-eabi/4.8.3/../../../../arm-none-eabi/lib/armv7-m/crt0.o
[...]
Memory Configuration

Name             Origin             Length             Attributes
FLASH            0x08004000         0x0001c000         xr
RAM              0x20000000         0x00005000         xrw
*default*        0x00000000         0xffffffff

Linker script and memory map

LOAD /usr/local/arm-4.8.3/bin/../lib/gcc/arm-none-eabi/4.8.3/armv7-m/crti.o
LOAD /usr/local/arm-4.8.3/bin/../lib/gcc/arm-none-eabi/4.8.3/armv7-m/crtbegin.o
LOAD /usr/local/arm-4.8.3/bin/../lib/gcc/arm-none-eabi/4.8.3/../../../../arm-none-eabi/lib/armv7-m/crt0.o
LOAD build/braids/analog_oscillator.o
LOAD build/braids/braids.o
LOAD build/braids/digital_oscillator.o
LOAD build/braids/macro_oscillator.o
LOAD build/braids/quantizer.o
LOAD build/braids/resources.o
LOAD build/braids/settings.o
LOAD build/braids/ui.o
LOAD build/braids/adc.o
LOAD build/braids/dac.o
LOAD build/braids/debug_pin.o
LOAD build/braids/display.o
LOAD build/braids/encoder.o
LOAD build/braids/gate_input.o
LOAD build/braids/internal_adc.o
LOAD build/braids/system.o
LOAD build/braids/uart_logger.o
LOAD build/braids/random.o
LOAD build/braids/bootloader_utils.o
LOAD build/braids/system_clock.o
LOAD build/braids/core_cm3.o
LOAD build/braids/system_stm32f10x.o
LOAD build/braids/misc.o
LOAD build/braids/stm32f10x_adc.o
LOAD build/braids/stm32f10x_bkp.o
LOAD build/braids/stm32f10x_can.o
LOAD build/braids/stm32f10x_crc.o
LOAD build/braids/stm32f10x_dac.o
LOAD build/braids/stm32f10x_dbgmcu.o
LOAD build/braids/stm32f10x_dma.o
LOAD build/braids/stm32f10x_exti.o
LOAD build/braids/stm32f10x_flash.o
LOAD build/braids/stm32f10x_fsmc.o
LOAD build/braids/stm32f10x_gpio.o
LOAD build/braids/stm32f10x_i2c.o
LOAD build/braids/stm32f10x_iwdg.o
LOAD build/braids/stm32f10x_pwr.o
LOAD build/braids/stm32f10x_rcc.o
LOAD build/braids/stm32f10x_rtc.o
LOAD build/braids/stm32f10x_sdio.o
LOAD build/braids/stm32f10x_spi.o
LOAD build/braids/stm32f10x_tim.o
LOAD build/braids/stm32f10x_usart.o
LOAD build/braids/stm32f10x_wwdg.o
LOAD build/braids/startup_stm32f10x_md.o
START GROUP
LOAD /usr/local/arm-4.8.3/bin/../lib/gcc/arm-none-eabi/4.8.3/armv7-m/libgcc.a
LOAD /usr/local/arm-4.8.3/bin/../lib/gcc/arm-none-eabi/4.8.3/../../../../arm-none-eabi/lib/armv7-m/libc.a
END GROUP
LOAD /usr/local/arm-4.8.3/bin/../lib/gcc/arm-none-eabi/4.8.3/armv7-m/crtend.o
LOAD /usr/local/arm-4.8.3/bin/../lib/gcc/arm-none-eabi/4.8.3/armv7-m/crtn.o

.text           0x08004000    0x1843c
                0x08004000                _start = .
 *(.isr_vector)
 .isr_vector    0x08004000      0x10c build/braids/startup_stm32f10x_md.o
                0x08004000                g_pfnVectors
 *(.text*)
 .text._ZN6braids16AnalogOscillator10RenderCSawEPKhPsPhj
                0x0800410c      0x25c build/braids/analog_oscillator.o
                0x0800410c                braids::AnalogOscillator::RenderCSaw(unsigned char const*, short*, unsigned char*, unsigned int)
 .text._ZN6braids16AnalogOscillator12RenderSquareEPKhPsPhj
                0x08004368      0x1f0 build/braids/analog_oscillator.o
                0x08004368                braids::AnalogOscillator::RenderSquare(unsigned char const*, short*, unsigned char*, unsigned int)
 .text._ZN6braids16AnalogOscillator9RenderSawEPKhPsPhj
                0x08004558      0x164 build/braids/analog_oscillator.o
                0x08004558                braids::AnalogOscillator::RenderSaw(unsigned char const*, short*, unsigned char*, unsigned int)
 .text._ZN6braids16AnalogOscillator17RenderVariableSawEPKhPsPhj
                0x080046bc      0x200 build/braids/analog_oscillator.o
                0x080046bc                braids::AnalogOscillator::RenderVariableSaw(unsigned char const*, short*, unsigned char*, unsigned int)
 .text._ZN6braids16AnalogOscillator14RenderTriangleEPKhPsPhj
                0x080048bc       0x88 build/braids/analog_oscillator.o
                0x080048bc                braids::AnalogOscillator::RenderTriangle(unsigned char const*, short*, unsigned char*, unsigned int)
 .text._ZN6braids16AnalogOscillator10RenderSineEPKhPsPhj
                0x08004944       0x98 build/braids/analog_oscillator.o
                0x08004944                braids::AnalogOscillator::RenderSine(unsigned char const*, short*, unsigned char*, unsigned int)
 .text._ZN6braids16AnalogOscillator18RenderTriangleFoldEPKhPsPhj
                0x080049dc      0x150 build/braids/analog_oscillator.o
                0x080049dc                braids::AnalogOscillator::RenderTriangleFold(unsigned char const*, short*, unsigned char*, unsigned int)
 .text._ZN6braids16AnalogOscillator14RenderSineFoldEPKhPsPhj
                0x08004b2c      0x194 build/braids/analog_oscillator.o
                0x08004b2c                braids::AnalogOscillator::RenderSineFold(unsigned char const*, short*, unsigned char*, unsigned int)
 .text._ZN6braids16AnalogOscillator10RenderBuzzEPKhPsPhj
                0x08004cc0       0xdc build/braids/analog_oscillator.o
                0x08004cc0                braids::AnalogOscillator::RenderBuzz(unsigned char const*, short*, unsigned char*, unsigned int)
 .text._ZN6braids16AnalogOscillator21ComputePhaseIncrementEs
                0x08004d9c       0x44 build/braids/analog_oscillator.o
                0x08004d9c                braids::AnalogOscillator::ComputePhaseIncrement(short)
 .text._ZN6braids16AnalogOscillator6RenderEPKhPsPhj
                0x08004de0       0xa8 build/braids/analog_oscillator.o
                0x08004de0                braids::AnalogOscillator::Render(unsigned char const*, short*, unsigned char*, unsigned int)
 .text.HardFault_Handler
                0x08004e88        0x4 build/braids/braids.o
                0x08004e88                HardFault_Handler
 .text.MemManage_Handler
                0x08004e8c        0x4 build/braids/braids.o
                0x08004e8c                MemManage_Handler
 .text.BusFault_Handler
                0x08004e90        0x4 build/braids/braids.o
                0x08004e90                BusFault_Handler
 .text.UsageFault_Handler
                0x08004e94        0x4 build/braids/braids.o
                0x08004e94                UsageFault_Handler
 .text.NMI_Handler
                0x08004e98        0x4 build/braids/braids.o
                0x08004e98                NMI_Handler
 .text.SVC_Handler
                0x08004e9c        0x4 build/braids/braids.o
                0x08004e9c                SVC_Handler
 .text.DebugMon_Handler
                0x08004ea0        0x4 build/braids/braids.o
                0x08004ea0                DebugMon_Handler
 .text.PendSV_Handler
                0x08004ea4        0x4 build/braids/braids.o
                0x08004ea4                PendSV_Handler
 .text.SysTick_Handler
                0x08004ea8        0xc build/braids/braids.o
                0x08004ea8                SysTick_Handler
 .text.TIM1_UP_IRQHandler
                0x08004eb4      0x1c8 build/braids/braids.o
                0x08004eb4                TIM1_UP_IRQHandler
 .text._Z4Initv
                0x0800507c      0x2f0 build/braids/braids.o
                0x0800507c                Init()
 .text._Z11RenderBlockv
                0x0800536c      0x50c build/braids/braids.o
                0x0800536c                RenderBlock()
 .text.startup.main
                0x08005878       0x74 build/braids/braids.o
                0x08005878                main
 .text._ZN6braids17DigitalOscillator9RenderToyEPKhPsj
                0x080058ec       0xa4 build/braids/digital_oscillator.o
                0x080058ec                braids::DigitalOscillator::RenderToy(unsigned char const*, short*, unsigned int)
 .text._ZN6braids17DigitalOscillator11RenderVowelEPKhPsj
                0x08005990      0x230 build/braids/digital_oscillator.o
                0x08005990                braids::DigitalOscillator::RenderVowel(unsigned char const*, short*, unsigned int)
 .text._ZN6braids17DigitalOscillator15RenderHarmonicsEPKhPsj
                0x08005bc0      0x1cc build/braids/digital_oscillator.o
                0x08005bc0                braids::DigitalOscillator::RenderHarmonics(unsigned char const*, short*, unsigned int)
 .text._ZN6braids17DigitalOscillator13RenderPluckedEPKhPsj
                0x08005d8c      0x2b4 build/braids/digital_oscillator.o
                0x08005d8c                braids::DigitalOscillator::RenderPlucked(unsigned char const*, short*, unsigned int)
 .text._ZN6braids17DigitalOscillator16RenderWavetablesEPKhPsj
                0x08006040      0x180 build/braids/digital_oscillator.o
                0x08006040                braids::DigitalOscillator::RenderWavetables(unsigned char const*, short*, unsigned int)
 .text._ZN6braids17DigitalOscillator13RenderWaveMapEPKhPsj
                0x080061c0      0x298 build/braids/digital_oscillator.o
                0x080061c0                braids::DigitalOscillator::RenderWaveMap(unsigned char const*, short*, unsigned int)
 .text._ZN6braids17DigitalOscillator14RenderWaveLineEPKhPsj
                0x08006458      0x738 build/braids/digital_oscillator.o
                0x08006458                braids::DigitalOscillator::RenderWaveLine(unsigned char const*, short*, unsigned int)
 .text._ZN6braids17DigitalOscillator19RenderFilteredNoiseEPKhPsj
                0x08006b90      0x1bc build/braids/digital_oscillator.o
                0x08006b90                braids::DigitalOscillator::RenderFilteredNoise(unsigned char const*, short*, unsigned int)
 .text._ZN6braids17DigitalOscillator20RenderTwinPeaksNoiseEPKhPsj
                0x08006d4c      0x288 build/braids/digital_oscillator.o
                0x08006d4c                braids::DigitalOscillator::RenderTwinPeaksNoise(unsigned char const*, short*, unsigned int)
 .text._ZN6braids17DigitalOscillator19RenderGranularCloudEPKhPsj
                0x08006fd4      0x224 build/braids/digital_oscillator.o
                0x08006fd4                braids::DigitalOscillator::RenderGranularCloud(unsigned char const*, short*, unsigned int)
 .text._ZN6braids17DigitalOscillator19RenderParticleNoiseEPKhPsj
                0x080071f8      0x3b4 build/braids/digital_oscillator.o
                0x080071f8                braids::DigitalOscillator::RenderParticleNoise(unsigned char const*, short*, unsigned int)
 .text._ZN6braids17DigitalOscillator18RenderQuestionMarkEPKhPsj
                0x080075ac      0x1dc build/braids/digital_oscillator.o
                0x080075ac                braids::DigitalOscillator::RenderQuestionMark(unsigned char const*, short*, unsigned int)
 .text._ZN6braids17DigitalOscillator11RenderBowedEPKhPsj
                0x08007788      0x314 build/braids/digital_oscillator.o
                0x08007788                braids::DigitalOscillator::RenderBowed(unsigned char const*, short*, unsigned int)
 .text._ZN6braids17DigitalOscillator11RenderBlownEPKhPsj
                0x08007a9c      0x20c build/braids/digital_oscillator.o
                0x08007a9c                braids::DigitalOscillator::RenderBlown(unsigned char const*, short*, unsigned int)
 .text._ZN6braids17DigitalOscillator12RenderFlutedEPKhPsj
                0x08007ca8      0x298 build/braids/digital_oscillator.o
                0x08007ca8                braids::DigitalOscillator::RenderFluted(unsigned char const*, short*, unsigned int)
 .text._ZN6braids17DigitalOscillator10RenderKickEPKhPsj
                0x08007f40      0x3e8 build/braids/digital_oscillator.o
                0x08007f40                braids::DigitalOscillator::RenderKick(unsigned char const*, short*, unsigned int)
 .text._ZN6braids17DigitalOscillator11RenderSnareEPKhPsj
                0x08008328      0x820 build/braids/digital_oscillator.o
                0x08008328                braids::DigitalOscillator::RenderSnare(unsigned char const*, short*, unsigned int)
 .text._ZN6braids17DigitalOscillator21ComputePhaseIncrementEs
                0x08008b48       0x44 build/braids/digital_oscillator.o
                0x08008b48                braids::DigitalOscillator::ComputePhaseIncrement(short)
 .text._ZN6braids17DigitalOscillator19RenderTripleRingModEPKhPsj
                0x08008b8c      0x164 build/braids/digital_oscillator.o
                0x08008b8c                braids::DigitalOscillator::RenderTripleRingMod(unsigned char const*, short*, unsigned int)
 .text._ZN6braids17DigitalOscillator14RenderSawSwarmEPKhPsj
                0x08008cf0      0x250 build/braids/digital_oscillator.o
                0x08008cf0                braids::DigitalOscillator::RenderSawSwarm(unsigned char const*, short*, unsigned int)
 .text._ZN6braids17DigitalOscillator19RenderDigitalFilterEPKhPsj
                0x08008f40      0x25c build/braids/digital_oscillator.o
                0x08008f40                braids::DigitalOscillator::RenderDigitalFilter(unsigned char const*, short*, unsigned int)
 .text._ZN6braids17DigitalOscillator11RenderVosimEPKhPsj
                0x0800919c      0x140 build/braids/digital_oscillator.o
                0x0800919c                braids::DigitalOscillator::RenderVosim(unsigned char const*, short*, unsigned int)
 .text._ZN6braids17DigitalOscillator8RenderFmEPKhPsj
                0x080092dc       0xf0 build/braids/digital_oscillator.o
                0x080092dc                braids::DigitalOscillator::RenderFm(unsigned char const*, short*, unsigned int)
 .text._ZN6braids17DigitalOscillator16RenderFeedbackFmEPKhPsj
                0x080093cc      0x154 build/braids/digital_oscillator.o
                0x080093cc                braids::DigitalOscillator::RenderFeedbackFm(unsigned char const*, short*, unsigned int)
 .text._ZN6braids17DigitalOscillator23RenderChaoticFeedbackFmEPKhPsj
                0x08009520      0x11c build/braids/digital_oscillator.o
                0x08009520                braids::DigitalOscillator::RenderChaoticFeedbackFm(unsigned char const*, short*, unsigned int)
 .text._ZN6braids17DigitalOscillator16RenderStruckDrumEPKhPsj
                0x0800963c      0x30c build/braids/digital_oscillator.o
                0x0800963c                braids::DigitalOscillator::RenderStruckDrum(unsigned char const*, short*, unsigned int)
 .text._ZN6braids17DigitalOscillator20RenderWaveParaphonicEPKhPsj
                0x08009948      0x4ac build/braids/digital_oscillator.o
                0x08009948                braids::DigitalOscillator::RenderWaveParaphonic(unsigned char const*, short*, unsigned int)
 .text._ZN6braids17DigitalOscillator18RenderClockedNoiseEPKhPsj
                0x08009df4      0x110 build/braids/digital_oscillator.o
                0x08009df4                braids::DigitalOscillator::RenderClockedNoise(unsigned char const*, short*, unsigned int)
 .text._ZN6braids17DigitalOscillator23RenderDigitalModulationEPKhPsj
                0x08009f04      0x198 build/braids/digital_oscillator.o
                0x08009f04                braids::DigitalOscillator::RenderDigitalModulation(unsigned char const*, short*, unsigned int)
 .text._ZN6braids17DigitalOscillator12RenderCymbalEPKhPsj
                0x0800a09c      0x5a8 build/braids/digital_oscillator.o
                0x0800a09c                braids::DigitalOscillator::RenderCymbal(unsigned char const*, short*, unsigned int)
 .text._ZN6braids17DigitalOscillator16RenderStruckBellEPKhPsj
                0x0800a644      0x1b0 build/braids/digital_oscillator.o
                0x0800a644                braids::DigitalOscillator::RenderStruckBell(unsigned char const*, short*, unsigned int)
 .text._ZN6braids17DigitalOscillator12ComputeDelayEs
                0x0800a7f4       0x50 build/braids/digital_oscillator.o
                0x0800a7f4                braids::DigitalOscillator::ComputeDelay(short)
 .text._ZN6braids17DigitalOscillator10RenderCombEPKhPsj
                0x0800a844      0x118 build/braids/digital_oscillator.o
                0x0800a844                braids::DigitalOscillator::RenderComb(unsigned char const*, short*, unsigned int)
 .text._ZN6braids17DigitalOscillator6RenderEPKhPsj
                0x0800a95c      0x164 build/braids/digital_oscillator.o
                0x0800a95c                braids::DigitalOscillator::Render(unsigned char const*, short*, unsigned int)
 .text._ZN6braids17DigitalOscillator27InterpolateFormantParameterEPA5_A5_Ksssh
                0x0800aac0       0x70 build/braids/digital_oscillator.o
                0x0800aac0                braids::DigitalOscillator::InterpolateFormantParameter(short const (*) [5][5], short, short, unsigned char)
 .text._ZN6braids17DigitalOscillator14RenderVowelFofEPKhPsj
                0x0800ab30      0x218 build/braids/digital_oscillator.o
                0x0800ab30                braids::DigitalOscillator::RenderVowelFof(unsigned char const*, short*, unsigned int)
 .text._ZN6braids15MacroOscillator10RenderBuzzEPKhPsj
                0x0800ad48       0x78 build/braids/macro_oscillator.o
                0x0800ad48                braids::MacroOscillator::RenderBuzz(unsigned char const*, short*, unsigned int)
 .text._ZN6braids15MacroOscillator10RenderCSawEPKhPsj
                0x0800adc0       0x5c build/braids/macro_oscillator.o
                0x0800adc0                braids::MacroOscillator::RenderCSaw(unsigned char const*, short*, unsigned int)
 .text._ZN6braids15MacroOscillator15RenderSawSquareEPKhPsj
                0x0800ae1c       0xac build/braids/macro_oscillator.o
                0x0800ae1c                braids::MacroOscillator::RenderSawSquare(unsigned char const*, short*, unsigned int)
 .text._ZN6braids15MacroOscillator9RenderSubEPKhPsj
                0x0800aec8       0xe0 build/braids/macro_oscillator.o
                0x0800aec8                braids::MacroOscillator::RenderSub(unsigned char const*, short*, unsigned int)
 .text._ZN6braids15MacroOscillator14RenderDualSyncEPKhPsj
                0x0800afa8       0xc0 build/braids/macro_oscillator.o
                0x0800afa8                braids::MacroOscillator::RenderDualSync(unsigned char const*, short*, unsigned int)
 .text._ZN6braids15MacroOscillator18RenderSineTriangleEPKhPsj
                0x0800b068       0xec build/braids/macro_oscillator.o
                0x0800b068                braids::MacroOscillator::RenderSineTriangle(unsigned char const*, short*, unsigned int)
 .text._ZN6braids15MacroOscillator11RenderMorphEPKhPsj
                0x0800b154      0x1c4 build/braids/macro_oscillator.o
                0x0800b154                braids::MacroOscillator::RenderMorph(unsigned char const*, short*, unsigned int)
 .text._ZN6braids15MacroOscillator12RenderTripleEPKhPsj
                0x0800b318      0x108 build/braids/macro_oscillator.o
                0x0800b318                braids::MacroOscillator::RenderTriple(unsigned char const*, short*, unsigned int)
 .text._ZN6braids15MacroOscillator13RenderDigitalEPKhPsj
                0x0800b420       0x44 build/braids/macro_oscillator.o
                0x0800b420                braids::MacroOscillator::RenderDigital(unsigned char const*, short*, unsigned int)
 .text._ZN6braids15MacroOscillator13RenderSawCombEPKhPsj
                0x0800b464       0x68 build/braids/macro_oscillator.o
                0x0800b464                braids::MacroOscillator::RenderSawComb(unsigned char const*, short*, unsigned int)
 .text._ZN6braids15MacroOscillator6RenderEPKhPsj
                0x0800b4cc       0x30 build/braids/macro_oscillator.o
                0x0800b4cc                braids::MacroOscillator::Render(unsigned char const*, short*, unsigned int)
 .text._ZN6braids9Quantizer4InitEv
                0x0800b4fc       0x24 build/braids/quantizer.o
                0x0800b4fc                braids::Quantizer::Init()
 .text._ZN6braids9Quantizer9ConfigureEPKssj
                0x0800b520       0xa4 build/braids/quantizer.o
                0x0800b520                braids::Quantizer::Configure(short const*, short, unsigned int)
 .text._ZN6braids9Quantizer7ProcessEll
                0x0800b5c4      0x110 build/braids/quantizer.o
                0x0800b5c4                braids::Quantizer::Process(long, long)
 .text._ZN6braids8Settings4InitEv
                0x0800b6d4      0x108 build/braids/settings.o
                0x0800b6d4                braids::Settings::Init()
 .text._ZN6braids8Settings5ResetEv
                0x0800b7dc       0x18 build/braids/settings.o
                0x0800b7dc                braids::Settings::Reset()
 .text._ZN6braids8Settings4SaveEv
                0x0800b7f4      0x114 build/braids/settings.o
                0x0800b7f4                braids::Settings::Save()
 .text._ZN6braids2Ui4InitEv
                0x0800b908       0x34 build/braids/ui.o
                0x0800b908                braids::Ui::Init()
 .text._ZN6braids2Ui4PollEv
                0x0800b93c      0x110 build/braids/ui.o
                0x0800b93c                braids::Ui::Poll()
 .text._ZN6braids2Ui14RefreshDisplayEv
                0x0800ba4c      0x1b4 build/braids/ui.o
                0x0800ba4c                braids::Ui::RefreshDisplay()
 .text._ZN6braids2Ui11OnLongClickEv
                0x0800bc00       0x78 build/braids/ui.o
                0x0800bc00                braids::Ui::OnLongClick()
 .text._ZN6braids2Ui7OnClickEv
                0x0800bc78       0xf0 build/braids/ui.o
                0x0800bc78                braids::Ui::OnClick()
 .text._ZN6braids2Ui11OnIncrementERKN6stmlib5EventE
                0x0800bd68       0xc8 build/braids/ui.o
                0x0800bd68                braids::Ui::OnIncrement(stmlib::Event const&)
 .text._ZN6braids2Ui8DoEventsEv
                0x0800be30      0x10c build/braids/ui.o
                0x0800be30                braids::Ui::DoEvents()
 .text._ZN6braids3Adc4InitEb
                0x0800bf3c       0xd0 build/braids/adc.o
                0x0800bf3c                braids::Adc::Init(bool)
 .text._ZN6braids3Dac4InitEv
                0x0800c00c       0x90 build/braids/dac.o
                0x0800c00c                braids::Dac::Init()
 .text._ZN6braids7Display4InitEv
                0x0800c09c       0x44 build/braids/display.o
                0x0800c09c                braids::Display::Init()
 .text._ZN6braids7Display7RefreshEv
                0x0800c0e0       0x88 build/braids/display.o
                0x0800c0e0                braids::Display::Refresh()
 .text._ZN6braids7Display5PrintEPKc
                0x0800c168        0x8 build/braids/display.o
                0x0800c168                braids::Display::Print(char const*)
 .text._ZN6braids7Encoder4InitEv
                0x0800c170       0x34 build/braids/encoder.o
                0x0800c170                braids::Encoder::Init()
 .text._ZN6braids7Encoder8DebounceEv
                0x0800c1a4       0x48 build/braids/encoder.o
                0x0800c1a4                braids::Encoder::Debounce()
 .text._ZN6braids9GateInput4InitEv
                0x0800c1ec       0x2c build/braids/gate_input.o
                0x0800c1ec                braids::GateInput::Init()
 .text._ZN6braids11InternalAdc4InitEv
                0x0800c218      0x118 build/braids/internal_adc.o
                0x0800c218                braids::InternalAdc::Init()
 .text._ZN6braids6System4InitEmb
                0x0800c330       0x8c build/braids/system.o
                0x0800c330                braids::System::Init(unsigned long, bool)
 .text._ZN6braids6System11StartTimersEv
                0x0800c3bc       0x34 build/braids/system.o
                0x0800c3bc                braids::System::StartTimers()
 .text.SystemInit
                0x0800c3f0       0xf8 build/braids/system_stm32f10x.o
                0x0800c3f0                SystemInit
 .text.NVIC_PriorityGroupConfig
                0x0800c4e8       0x14 build/braids/misc.o
                0x0800c4e8                NVIC_PriorityGroupConfig
 .text.NVIC_Init
                0x0800c4fc       0x70 build/braids/misc.o
                0x0800c4fc                NVIC_Init
 .text.NVIC_SetVectorTable
                0x0800c56c       0x14 build/braids/misc.o
                0x0800c56c                NVIC_SetVectorTable
 .text.ADC_DeInit
                0x0800c580       0x6c build/braids/stm32f10x_adc.o
                0x0800c580                ADC_DeInit
 .text.ADC_Init
                0x0800c5ec       0x48 build/braids/stm32f10x_adc.o
                0x0800c5ec                ADC_Init
 .text.ADC_Cmd  0x0800c634       0x14 build/braids/stm32f10x_adc.o
                0x0800c634                ADC_Cmd
 .text.ADC_DMACmd
                0x0800c648       0x14 build/braids/stm32f10x_adc.o
                0x0800c648                ADC_DMACmd
 .text.ADC_ResetCalibration
                0x0800c65c        0xc build/braids/stm32f10x_adc.o
                0x0800c65c                ADC_ResetCalibration
 .text.ADC_GetResetCalibrationStatus
                0x0800c668        0x8 build/braids/stm32f10x_adc.o
                0x0800c668                ADC_GetResetCalibrationStatus
 .text.ADC_StartCalibration
                0x0800c670        0xc build/braids/stm32f10x_adc.o
                0x0800c670                ADC_StartCalibration
 .text.ADC_GetCalibrationStatus
                0x0800c67c        0x8 build/braids/stm32f10x_adc.o
                0x0800c67c                ADC_GetCalibrationStatus
 .text.ADC_SoftwareStartConvCmd
                0x0800c684       0x14 build/braids/stm32f10x_adc.o
                0x0800c684                ADC_SoftwareStartConvCmd
 .text.ADC_RegularChannelConfig
                0x0800c698       0x9c build/braids/stm32f10x_adc.o
                0x0800c698                ADC_RegularChannelConfig
 .text.DMA_DeInit
                0x0800c734      0x100 build/braids/stm32f10x_dma.o
                0x0800c734                DMA_DeInit
 .text.DMA_Init
                0x0800c834       0x40 build/braids/stm32f10x_dma.o
                0x0800c834                DMA_Init
 .text.DMA_Cmd  0x0800c874       0x14 build/braids/stm32f10x_dma.o
                0x0800c874                DMA_Cmd
 .text.FLASH_Unlock
                0x0800c888       0x18 build/braids/stm32f10x_flash.o
                0x0800c888                FLASH_Unlock
 .text.FLASH_GetStatus
                0x0800c8a0       0x28 build/braids/stm32f10x_flash.o
                0x0800c8a0                FLASH_GetStatus
 .text.FLASH_WaitForLastOperation
                0x0800c8c8       0x40 build/braids/stm32f10x_flash.o
                0x0800c8c8                FLASH_WaitForLastOperation
 .text.FLASH_ErasePage
                0x0800c908       0x44 build/braids/stm32f10x_flash.o
                0x0800c908                FLASH_ErasePage
 .text.FLASH_ProgramWord
                0x0800c94c       0x60 build/braids/stm32f10x_flash.o
                0x0800c94c                FLASH_ProgramWord
 .text.FLASH_ProgramHalfWord
                0x0800c9ac       0x38 build/braids/stm32f10x_flash.o
                0x0800c9ac                FLASH_ProgramHalfWord
 .text.GPIO_Init
                0x0800c9e4       0xb4 build/braids/stm32f10x_gpio.o
                0x0800c9e4                GPIO_Init
 .text.GPIO_ReadInputDataBit
                0x0800ca98        0xc build/braids/stm32f10x_gpio.o
                0x0800ca98                GPIO_ReadInputDataBit
 .text.GPIO_SetBits
                0x0800caa4        0x4 build/braids/stm32f10x_gpio.o
                0x0800caa4                GPIO_SetBits
 .text.RCC_AHBPeriphClockCmd
                0x0800caa8       0x18 build/braids/stm32f10x_rcc.o
                0x0800caa8                RCC_AHBPeriphClockCmd
 .text.RCC_APB2PeriphClockCmd
                0x0800cac0       0x18 build/braids/stm32f10x_rcc.o
                0x0800cac0                RCC_APB2PeriphClockCmd
 .text.RCC_APB1PeriphClockCmd
                0x0800cad8       0x18 build/braids/stm32f10x_rcc.o
                0x0800cad8                RCC_APB1PeriphClockCmd
 .text.RCC_APB2PeriphResetCmd
                0x0800caf0       0x18 build/braids/stm32f10x_rcc.o
                0x0800caf0                RCC_APB2PeriphResetCmd
 .text.SPI_Init
                0x0800cb08       0x40 build/braids/stm32f10x_spi.o
                0x0800cb08                SPI_Init
 .text.SPI_Cmd  0x0800cb48       0x1c build/braids/stm32f10x_spi.o
                0x0800cb48                SPI_Cmd
 .text.TIM_TimeBaseInit
                0x0800cb64       0x48 build/braids/stm32f10x_tim.o
                0x0800cb64                TIM_TimeBaseInit
 .text.TIM_Cmd  0x0800cbac       0x1c build/braids/stm32f10x_tim.o
                0x0800cbac                TIM_Cmd
 .text.TIM_ITConfig
                0x0800cbc8       0x14 build/braids/stm32f10x_tim.o
                0x0800cbc8                TIM_ITConfig
 .text.TIM_InternalClockConfig
                0x0800cbdc       0x10 build/braids/stm32f10x_tim.o
                0x0800cbdc                TIM_InternalClockConfig
 .text.Reset_Handler
                0x0800cbec       0x48 build/braids/startup_stm32f10x_md.o
                0x0800cbec                Reset_Handler
 .text.Default_Handler
                0x0800cc34        0x4 build/braids/startup_stm32f10x_md.o
                0x0800cc34                EXTI2_IRQHandler
                0x0800cc34                TIM1_CC_IRQHandler
                0x0800cc34                PVD_IRQHandler
                0x0800cc34                EXTI3_IRQHandler
                0x0800cc34                EXTI0_IRQHandler
                0x0800cc34                I2C2_EV_IRQHandler
                0x0800cc34                ADC1_2_IRQHandler
                0x0800cc34                SPI1_IRQHandler
                0x0800cc34                TAMPER_IRQHandler
                0x0800cc34                DMA1_Channel4_IRQHandler
                0x0800cc34                USART3_IRQHandler
                0x0800cc34                RTC_IRQHandler
                0x0800cc34                DMA1_Channel7_IRQHandler
                0x0800cc34                CAN1_RX1_IRQHandler
                0x0800cc34                TIM4_IRQHandler
                0x0800cc34                I2C1_EV_IRQHandler
                0x0800cc34                DMA1_Channel6_IRQHandler
                0x0800cc34                TIM3_IRQHandler
                0x0800cc34                RCC_IRQHandler
                0x0800cc34                TIM1_TRG_COM_IRQHandler
                0x0800cc34                DMA1_Channel1_IRQHandler
                0x0800cc34                Default_Handler
                0x0800cc34                EXTI15_10_IRQHandler
                0x0800cc34                EXTI9_5_IRQHandler
                0x0800cc34                SPI2_IRQHandler
                0x0800cc34                DMA1_Channel5_IRQHandler
                0x0800cc34                EXTI4_IRQHandler
                0x0800cc34                USB_LP_CAN1_RX0_IRQHandler
                0x0800cc34                USB_HP_CAN1_TX_IRQHandler
                0x0800cc34                DMA1_Channel3_IRQHandler
                0x0800cc34                WWDG_IRQHandler
                0x0800cc34                TIM2_IRQHandler
                0x0800cc34                TIM1_BRK_IRQHandler
                0x0800cc34                EXTI1_IRQHandler
                0x0800cc34                RTCAlarm_IRQHandler
                0x0800cc34                USART2_IRQHandler
                0x0800cc34                I2C2_ER_IRQHandler
                0x0800cc34                DMA1_Channel2_IRQHandler
                0x0800cc34                CAN1_SCE_IRQHandler
                0x0800cc34                FLASH_IRQHandler
                0x0800cc34                USART1_IRQHandler
                0x0800cc34                I2C1_ER_IRQHandler
                0x0800cc34                USBWakeUp_IRQHandler
 .text          0x0800cc38       0xec /usr/local/arm-4.8.3/bin/../lib/gcc/arm-none-eabi/4.8.3/../../../../arm-none-eabi/lib/armv7-m/libc.a(lib_a-memcpy.o)
                0x0800cc38                memcpy
 .text.memset   0x0800cd24       0x94 /usr/local/arm-4.8.3/bin/../lib/gcc/arm-none-eabi/4.8.3/../../../../arm-none-eabi/lib/armv7-m/libc.a(lib_a-memset.o)
                0x0800cd24                memset
 .text          0x0800cdb8      0x23c /usr/local/arm-4.8.3/bin/../lib/gcc/arm-none-eabi/4.8.3/../../../../arm-none-eabi/lib/armv7-m/libc.a(lib_a-strcmp.o)
                0x0800cdb8                strcmp
 .text.strlen   0x0800cff4       0x60 /usr/local/arm-4.8.3/bin/../lib/gcc/arm-none-eabi/4.8.3/../../../../arm-none-eabi/lib/armv7-m/libc.a(lib_a-strlen.o)
                0x0800cff4                strlen
 .text.strncpy  0x0800d054       0x64 /usr/local/arm-4.8.3/bin/../lib/gcc/arm-none-eabi/4.8.3/../../../../arm-none-eabi/lib/armv7-m/libc.a(lib_a-strncpy.o)
                0x0800d054                strncpy
 *(.rodata*)
 .rodata._ZN6braidsL6scalesE
                0x0800d0b8      0x7a8 build/braids/braids.o
 .rodata._ZL19bit_reduction_masks
                0x0800d860       0x10 build/braids/braids.o
 .rodata._ZL18decimation_factors
                0x0800d870       0x10 build/braids/braids.o
 .rodata._ZN6braidsL21kDrumPartialAmplitudeE
                0x0800d880        0xc build/braids/digital_oscillator.o
 .rodata._ZN6braidsL22kBellPartialDecayShortE
                0x0800d88c       0x18 build/braids/digital_oscillator.o
 .rodata._ZN6braidsL9wave_lineE
                0x0800d8a4       0x40 build/braids/digital_oscillator.o
 .rodata._ZN6braidsL14formant_f_dataE
                0x0800d8e4       0xfc build/braids/digital_oscillator.o
 .rodata._ZN6braidsL22kBellPartialAmplitudesE
                0x0800d9e0       0x18 build/braids/digital_oscillator.o
 .rodata._ZN6braidsL21kBellPartialDecayLongE
                0x0800d9f8       0x18 build/braids/digital_oscillator.o
 .rodata._ZN6braidsL6chordsE
                0x0800da10       0x68 build/braids/digital_oscillator.o
 .rodata._ZN6braidsL14mini_wave_lineE
                0x0800da78       0x24 build/braids/digital_oscillator.o
 .rodata._ZN6braidsL11vowels_dataE
                0x0800da9c       0x38 build/braids/digital_oscillator.o
 .rodata._ZN6braidsL15kConstellationIE
                0x0800dad4       0x10 build/braids/digital_oscillator.o
 .rodata._ZN6braidsL13kBellPartialsE
                0x0800dae4       0x18 build/braids/digital_oscillator.o
 .rodata._ZN6braidsL21wavetable_definitionsE
                0x0800dafc      0x168 build/braids/digital_oscillator.o
 .rodata._ZN6braidsL17kFIR4CoefficientsE
                0x0800dc64       0x10 build/braids/digital_oscillator.o
 .rodata._ZN6braidsL14formant_a_dataE
                0x0800dc74       0xfc build/braids/digital_oscillator.o
 .rodata._ZN6braidsL13kDrumPartialsE
                0x0800dd70        0xc build/braids/digital_oscillator.o
 .rodata._ZN6braidsL21kDrumPartialDecayLongE
                0x0800dd7c        0xc build/braids/digital_oscillator.o
 .rodata._ZN6braidsL14consonant_dataE
                0x0800dd88       0x30 build/braids/digital_oscillator.o
 .rodata._ZN6braidsL15kConstellationQE
                0x0800ddb8       0x10 build/braids/digital_oscillator.o
 .rodata._ZN6braidsL11kPhaseResetE
                0x0800ddc8       0x10 build/braids/digital_oscillator.o
 .rodata._ZN6braidsL22kDrumPartialDecayShortE
                0x0800ddd8        0xc build/braids/digital_oscillator.o
 .rodata.CSWTCH.66
                0x0800dde4        0x4 build/braids/macro_oscillator.o
 .rodata._ZN6braidsL9intervalsE
                0x0800dde8       0x84 build/braids/macro_oscillator.o
 .rodata._ZN6braids23wav_bandlimited_comb_11E
                0x0800de6c      0x204 build/braids/resources.o
                0x0800de6c                braids::wav_bandlimited_comb_11
 .rodata._ZN6braids29lut_env_portamento_incrementsE
                0x0800e070      0x200 build/braids/resources.o
                0x0800e070                braids::lut_env_portamento_increments
 .rodata._ZN6braids22wav_bandlimited_comb_0E
                0x0800e270      0x204 build/braids/resources.o
                0x0800e270                braids::wav_bandlimited_comb_0
 .rodata._ZN6braids23wav_bandlimited_comb_12E
                0x0800e474      0x204 build/braids/resources.o
                0x0800e474                braids::wav_bandlimited_comb_12
 .rodata._ZN6braids7wt_codeE
                0x0800e678      0x428 build/braids/resources.o
                0x0800e678                braids::wt_code
 .rodata._ZN6braids18wav_formant_squareE
                0x0800eaa0      0x200 build/braids/resources.o
                0x0800eaa0                braids::wav_formant_square
 .rodata._ZN6braids22wav_bandlimited_comb_2E
                0x0800eca0      0x204 build/braids/resources.o
                0x0800eca0                braids::wav_bandlimited_comb_2
 .rodata._ZN6braids12lut_svf_dampE
                0x0800eea4      0x204 build/braids/resources.o
                0x0800eea4                braids::lut_svf_damp
 .rodata._ZN6braids22wav_bandlimited_comb_4E
                0x0800f0a8      0x204 build/braids/resources.o
                0x0800f0a8                braids::wav_bandlimited_comb_4
 .rodata._ZN6braids12lut_env_expoE
                0x0800f2ac      0x204 build/braids/resources.o
                0x0800f2ac                braids::lut_env_expo
 .rodata._ZN6braids23wav_bandlimited_comb_10E
                0x0800f4b0      0x204 build/braids/resources.o
                0x0800f4b0                braids::wav_bandlimited_comb_10
 .rodata._ZN6braids22wav_bandlimited_comb_6E
                0x0800f6b4      0x204 build/braids/resources.o
                0x0800f6b4                braids::wav_bandlimited_comb_6
 .rodata._ZN6braids21lut_granular_envelopeE
                0x0800f8b8      0x404 build/braids/resources.o
                0x0800f8b8                braids::lut_granular_envelope
 .rodata._ZN6braids22wav_bandlimited_comb_1E
                0x0800fcbc      0x204 build/braids/resources.o
                0x0800fcbc                braids::wav_bandlimited_comb_1
 .rodata._ZN6braids8lut_bellE
                0x0800fec0      0x204 build/braids/resources.o
                0x0800fec0                braids::lut_bell
 .rodata._ZN6braids23wav_bandlimited_comb_14E
                0x080100c4      0x204 build/braids/resources.o
                0x080100c4                braids::wav_bandlimited_comb_14
 .rodata._ZN6braids8wt_wavesE
                0x080102c8     0x8100 build/braids/resources.o
                0x080102c8                braids::wt_waves
 .rodata._ZN6braids25lut_oscillator_incrementsE
                0x080183c8      0x184 build/braids/resources.o
                0x080183c8                braids::lut_oscillator_increments
 .rodata._ZN6braids19lut_resonator_scaleE
                0x0801854c      0x104 build/braids/resources.o
                0x0801854c                braids::lut_resonator_scale
 .rodata._ZN6braids21ws_moderate_overdriveE
                0x08018650      0x204 build/braids/resources.o
                0x08018650                braids::ws_moderate_overdrive
 .rodata._ZN6braids15lut_blowing_jetE
                0x08018854      0x204 build/braids/resources.o
                0x08018854                braids::lut_blowing_jet
 .rodata._ZN6braids14chr_charactersE
                0x08018a58      0x200 build/braids/resources.o
                0x08018a58                braids::chr_characters
 .rodata._ZN6braids8wav_sineE
                0x08018c58      0x204 build/braids/resources.o
                0x08018c58                braids::wav_sine
 .rodata._ZN6braids20ws_violent_overdriveE
                0x08018e5c      0x204 build/braids/resources.o
                0x08018e5c                braids::ws_violent_overdrive
 .rodata._ZN6braids13lut_svf_scaleE
                0x08019060      0x204 build/braids/resources.o
                0x08019060                braids::lut_svf_scale
 .rodata._ZN6braids11ws_tri_foldE
                0x08019264      0x204 build/braids/resources.o
                0x08019264                braids::ws_tri_fold
 .rodata._ZN6braids26lut_granular_envelope_rateE
                0x08019468      0x204 build/braids/resources.o
                0x08019468                braids::lut_granular_envelope_rate
 .rodata._ZN6braids22wav_bandlimited_comb_3E
                0x0801966c      0x204 build/braids/resources.o
                0x0801966c                braids::wav_bandlimited_comb_3
 .rodata._ZN6braids12ws_sine_foldE
                0x08019870      0x204 build/braids/resources.o
                0x08019870                braids::ws_sine_fold
 .rodata._ZN6braids22wav_bandlimited_comb_5E
                0x08019a74      0x204 build/braids/resources.o
                0x08019a74                braids::wav_bandlimited_comb_5
 .rodata._ZN6braids26lut_fm_frequency_quantizerE
                0x08019c78      0x104 build/braids/resources.o
                0x08019c78                braids::lut_fm_frequency_quantizer
 .rodata._ZN6braids6wt_mapE
                0x08019d7c      0x100 build/braids/resources.o
                0x08019d7c                braids::wt_map
 .rodata._ZN6braids20lut_blowing_envelopeE
                0x08019e7c      0x310 build/braids/resources.o
                0x08019e7c                braids::lut_blowing_envelope
 .rodata._ZN6braids22wav_bandlimited_comb_7E
                0x0801a18c      0x204 build/braids/resources.o
                0x0801a18c                braids::wav_bandlimited_comb_7
 .rodata._ZN6braids23wav_bandlimited_comb_13E
                0x0801a390      0x204 build/braids/resources.o
                0x0801a390                braids::wav_bandlimited_comb_13
 .rodata._ZN6braids19lut_bowing_frictionE
                0x0801a594      0x204 build/braids/resources.o
                0x0801a594                braids::lut_bowing_friction
 .rodata._ZN6braids22wav_bandlimited_comb_9E
                0x0801a798      0x204 build/braids/resources.o
                0x0801a798                braids::wav_bandlimited_comb_9
 .rodata._ZN6braids14lut_vco_detuneE
                0x0801a99c      0x204 build/braids/resources.o
                0x0801a99c                braids::lut_vco_detune
 .rodata._ZN6braids19lut_bowing_envelopeE
                0x0801aba0      0x5e0 build/braids/resources.o
                0x0801aba0                braids::lut_bowing_envelope
 .rodata._ZN6braids22wav_bandlimited_comb_8E
                0x0801b180      0x204 build/braids/resources.o
                0x0801b180                braids::wav_bandlimited_comb_8
 .rodata._ZN6braids14lut_svf_cutoffE
                0x0801b384      0x204 build/braids/resources.o
                0x0801b384                braids::lut_svf_cutoff
 .rodata._ZN6braids21lut_oscillator_delaysE
                0x0801b588      0x184 build/braids/resources.o
                0x0801b588                braids::lut_oscillator_delays
 .rodata._ZN6braids21lut_flute_body_filterE
                0x0801b70c      0x100 build/braids/resources.o
                0x0801b70c                braids::lut_flute_body_filter
 .rodata._ZN6braids16wav_formant_sineE
                0x0801b80c      0x200 build/braids/resources.o
                0x0801b80c                braids::wav_formant_sine
 .rodata._ZN6braids25lut_resonator_coefficientE
                0x0801ba0c      0x104 build/braids/resources.o
                0x0801ba0c                braids::lut_resonator_coefficient
 .rodata._ZN6braidsL14boolean_valuesE
                0x0801bb10        0x8 build/braids/settings.o
 .rodata._ZN6braids8Settings9metadata_E
                0x0801bb18      0x120 build/braids/settings.o
                0x0801bb18                braids::Settings::metadata_
 .rodata._ZN6braidsL11bits_valuesE
                0x0801bc38       0x1c build/braids/settings.o
 .rodata._ZN6braidsL13octave_valuesE
                0x0801bc54       0x14 build/braids/settings.o
 .rodata._ZN6braidsL16intensity_valuesE
                0x0801bc68       0x14 build/braids/settings.o
 .rodata._ZN6braidsL12rates_valuesE
                0x0801bc7c       0x1c build/braids/settings.o
 .rodata._ZN6braidsL18trig_source_valuesE
                0x0801bc98        0x8 build/braids/settings.o
 .rodata._ZN6braidsL11algo_valuesE
                0x0801bca0       0xbc build/braids/settings.o
 .rodata._ZN6braidsL17brightness_valuesE
                0x0801bd5c        0xc build/braids/settings.o
 .rodata.str1.4
                0x0801bd68      0x4c0 build/braids/settings.o
 .rodata._ZN6braidsL13kInitSettingsE
                0x0801c228       0x60 build/braids/settings.o
 .rodata._ZN6braidsL22zero_to_fifteen_valuesE
                0x0801c288       0x40 build/braids/settings.o
 .rodata._ZN6braidsL11note_valuesE
                0x0801c2c8       0x30 build/braids/settings.o
 .rodata._ZN6braidsL18pitch_range_valuesE
                0x0801c2f8       0x14 build/braids/settings.o
 .rodata._ZN6braidsL19quantization_valuesE
                0x0801c30c       0xc4 build/braids/settings.o
 .rodata._ZN6braidsL17trig_delay_valuesE
                0x0801c3d0       0x1c build/braids/settings.o
 .rodata._ZN6braids8Settings15settings_order_E
                0x0801c3ec       0x18 build/braids/settings.o
                0x0801c3ec                braids::Settings::settings_order_
 .rodata.str1.4
                0x0801c404       0x18 build/braids/ui.o
 .rodata._ZN6braidsL20kCharacterEnablePinsE
                0x0801c41c        0x8 build/braids/display.o
 *(.flashtext*)
 *(.init)
 .init          0x0801c424        0x4 /usr/local/arm-4.8.3/bin/../lib/gcc/arm-none-eabi/4.8.3/armv7-m/crti.o
                0x0801c424                _init
 .init          0x0801c428        0x8 /usr/local/arm-4.8.3/bin/../lib/gcc/arm-none-eabi/4.8.3/armv7-m/crtn.o
 *(.fini)
 .fini          0x0801c430        0x4 /usr/local/arm-4.8.3/bin/../lib/gcc/arm-none-eabi/4.8.3/armv7-m/crti.o
                0x0801c430                _fini
 .fini          0x0801c434        0x8 /usr/local/arm-4.8.3/bin/../lib/gcc/arm-none-eabi/4.8.3/armv7-m/crtn.o
                0x0801c43c                _etext = .
                0x0801c43c                _sidata = .

.glue_7         0x0801c43c        0x0
 .glue_7        0x00000000        0x0 linker stubs

.glue_7t        0x0801c43c        0x0
 .glue_7t       0x00000000        0x0 linker stubs

.vfp11_veneer   0x0801c43c        0x0
 .vfp11_veneer  0x00000000        0x0 linker stubs

.v4_bx          0x0801c43c        0x0
 .v4_bx         0x00000000        0x0 linker stubs

.iplt           0x0801c43c        0x0
 .iplt          0x00000000        0x0 /usr/local/arm-4.8.3/bin/../lib/gcc/arm-none-eabi/4.8.3/armv7-m/crtbegin.o

.rel.dyn        0x0801c43c        0x0
 .rel.iplt      0x00000000        0x0 /usr/local/arm-4.8.3/bin/../lib/gcc/arm-none-eabi/4.8.3/armv7-m/crtbegin.o

.data           0x20000000      0x330 load address 0x0801c43c
                0x20000000                _sdata = .
 *(.ramtext*)
                0x20000000                . = ALIGN (0x4)
 *(.data*)
 .data._ZN6braids16AnalogOscillator9fn_table_E
                0x20000000       0x48 build/braids/analog_oscillator.o
                0x20000000                braids::AnalogOscillator::fn_table_
 .data.current_scale
                0x20000048        0x1 build/braids/braids.o
                0x20000048                current_scale
 *fill*         0x20000049        0x3 
 .data._ZN6braids17DigitalOscillator9fn_table_E
                0x2000004c      0x118 build/braids/digital_oscillator.o
                0x2000004c                braids::DigitalOscillator::fn_table_
 .data._ZN6braids15MacroOscillator9fn_table_E
                0x20000164      0x180 build/braids/macro_oscillator.o
                0x20000164                braids::MacroOscillator::fn_table_
 .data._ZN6braids14waveform_tableE
                0x200002e4       0x48 build/braids/resources.o
                0x200002e4                braids::waveform_table
 .data._ZN6stmlib6Random10rng_state_E
                0x2000032c        0x4 build/braids/random.o
                0x2000032c                stmlib::Random::rng_state_
                0x20000330                _edata = .

.igot.plt       0x20000330        0x0 load address 0x0801c76c
 .igot.plt      0x00000000        0x0 /usr/local/arm-4.8.3/bin/../lib/gcc/arm-none-eabi/4.8.3/armv7-m/crtbegin.o

.bss            0x20000330     0x4c24 load address 0x0801c76c
                0x20000330                _sstack = .
                0x20000530                . = (. + 0x200)
 *fill*         0x20000330      0x200 
                0x20000530                _estack = .
                0x20000530                _sbss = .
 *(.bss*)
 .bss.trigger_delay
                0x20000530        0x2 build/braids/braids.o
                0x20000530                trigger_delay
 *fill*         0x20000532        0x2 
 .bss.audio_samples
                0x20000534       0xc0 build/braids/braids.o
                0x20000534                audio_samples
 .bss.sync_samples
                0x200005f4       0x60 build/braids/braids.o
                0x200005f4                sync_samples
 .bss.osc       0x20000654     0x4250 build/braids/braids.o
                0x20000654                osc
 .bss.ui        0x200048a4       0xbc build/braids/braids.o
                0x200048a4                ui
 .bss.envelope  0x20004960       0x24 build/braids/braids.o
                0x20004960                envelope
 .bss.render_block
                0x20004984        0x4 build/braids/braids.o
                0x20004984                render_block
 .bss.gate_input
                0x20004988        0x4 build/braids/braids.o
                0x20004988                gate_input
 .bss.quantizer
                0x2000498c      0x110 build/braids/braids.o
                0x2000498c                quantizer
 .bss.playback_block
                0x20004a9c        0x4 build/braids/braids.o
                0x20004a9c                playback_block
 .bss.sys       0x20004aa0        0x4 build/braids/braids.o
                0x20004aa0                sys
 .bss.trigger_flag
                0x20004aa4        0x1 build/braids/braids.o
                0x20004aa4                trigger_flag
 *fill*         0x20004aa5        0x3 
 .bss.adc       0x20004aa8       0x14 build/braids/braids.o
                0x20004aa8                adc
 .bss.jitter_source
                0x20004abc       0x10 build/braids/braids.o
                0x20004abc                jitter_source
 .bss.trigger_detected_flag
                0x20004acc        0x1 build/braids/braids.o
                0x20004acc                trigger_detected_flag
 *fill*         0x20004acd        0x1 
 .bss._ZZ11RenderBlockvE7gain_lp
                0x20004ace        0x2 build/braids/braids.o
 .bss.ws        0x20004ad0      0x404 build/braids/braids.o
                0x20004ad0                ws
 .bss._ZZ11RenderBlockvE14previous_pitch
                0x20004ed4        0x2 build/braids/braids.o
 *fill*         0x20004ed6        0x2 
 .bss.current_sample
                0x20004ed8        0x4 build/braids/braids.o
                0x20004ed8                current_sample
 .bss.internal_adc
                0x20004edc        0x8 build/braids/braids.o
                0x20004edc                internal_adc
 .bss.dac       0x20004ee4        0x4 build/braids/braids.o
                0x20004ee4                dac
 .bss._ZZ11RenderBlockvE14previous_shape
                0x20004ee8        0x2 build/braids/braids.o
 *fill*         0x20004eea        0x2 
 .bss._ZN6braids8settingsE
                0x20004eec       0x64 build/braids/settings.o
                0x20004eec                braids::settings
 .bss._ZN6stmlib12system_clockE
                0x20004f50        0x4 build/braids/system_clock.o
                0x20004f50                stmlib::system_clock
 *(COMMON)
                0x20004f54                _ebss = .
OUTPUT(build/braids/braids.elf elf32-littlearm)

.ARM.attributes
                0x00000000       0x29
 .ARM.attributes
                0x00000000       0x1d /usr/local/arm-4.8.3/bin/../lib/gcc/arm-none-eabi/4.8.3/armv7-m/crti.o
 .ARM.attributes
                0x0000001d       0x33 build/braids/analog_oscillator.o
 .ARM.attributes
                0x00000050       0x33 build/braids/braids.o
 .ARM.attributes
                0x00000083       0x33 build/braids/digital_oscillator.o
 .ARM.attributes
                0x000000b6       0x33 build/braids/macro_oscillator.o
 .ARM.attributes
                0x000000e9       0x33 build/braids/quantizer.o
 .ARM.attributes
                0x0000011c       0x33 build/braids/resources.o
 .ARM.attributes
                0x0000014f       0x33 build/braids/settings.o
 .ARM.attributes
                0x00000182       0x33 build/braids/ui.o
 .ARM.attributes
                0x000001b5       0x33 build/braids/adc.o
 .ARM.attributes
                0x000001e8       0x33 build/braids/dac.o
 .ARM.attributes
                0x0000021b       0x33 build/braids/display.o
 .ARM.attributes
                0x0000024e       0x33 build/braids/encoder.o
 .ARM.attributes
                0x00000281       0x33 build/braids/gate_input.o
 .ARM.attributes
                0x000002b4       0x33 build/braids/internal_adc.o
 .ARM.attributes
                0x000002e7       0x33 build/braids/system.o
 .ARM.attributes
                0x0000031a       0x33 build/braids/random.o
 .ARM.attributes
                0x0000034d       0x33 build/braids/system_clock.o
 .ARM.attributes
                0x00000380       0x33 build/braids/system_stm32f10x.o
 .ARM.attributes
                0x000003b3       0x33 build/braids/misc.o
 .ARM.attributes
                0x000003e6       0x33 build/braids/stm32f10x_adc.o
 .ARM.attributes
                0x00000419       0x33 build/braids/stm32f10x_dma.o
 .ARM.attributes
                0x0000044c       0x33 build/braids/stm32f10x_flash.o
 .ARM.attributes
                0x0000047f       0x33 build/braids/stm32f10x_gpio.o
 .ARM.attributes
                0x000004b2       0x33 build/braids/stm32f10x_rcc.o
 .ARM.attributes
                0x000004e5       0x33 build/braids/stm32f10x_spi.o
 .ARM.attributes
                0x00000518       0x33 build/braids/stm32f10x_tim.o
 .ARM.attributes
                0x0000054b       0x21 build/braids/startup_stm32f10x_md.o
 .ARM.attributes
                0x0000056c       0x1b /usr/local/arm-4.8.3/bin/../lib/gcc/arm-none-eabi/4.8.3/../../../../arm-none-eabi/lib/armv7-m/libc.a(lib_a-memcpy.o)
 .ARM.attributes
                0x00000587       0x2d /usr/local/arm-4.8.3/bin/../lib/gcc/arm-none-eabi/4.8.3/../../../../arm-none-eabi/lib/armv7-m/libc.a(lib_a-memset.o)
 .ARM.attributes
                0x000005b4       0x1b /usr/local/arm-4.8.3/bin/../lib/gcc/arm-none-eabi/4.8.3/../../../../arm-none-eabi/lib/armv7-m/libc.a(lib_a-strcmp.o)
 .ARM.attributes
                0x000005cf       0x2d /usr/local/arm-4.8.3/bin/../lib/gcc/arm-none-eabi/4.8.3/../../../../arm-none-eabi/lib/armv7-m/libc.a(lib_a-strlen.o)
 .ARM.attributes
                0x000005fc       0x2d /usr/local/arm-4.8.3/bin/../lib/gcc/arm-none-eabi/4.8.3/../../../../arm-none-eabi/lib/armv7-m/libc.a(lib_a-strncpy.o)
 .ARM.attributes
                0x00000629       0x1d /usr/local/arm-4.8.3/bin/../lib/gcc/arm-none-eabi/4.8.3/armv7-m/crtn.o

.comment        0x00000000       0x70
 .comment       0x00000000       0x70 build/braids/analog_oscillator.o
                                 0x71 (size before relaxing)
 .comment       0x00000000       0x71 build/braids/braids.o
 .comment       0x00000000       0x71 build/braids/digital_oscillator.o
 .comment       0x00000000       0x71 build/braids/macro_oscillator.o
 .comment       0x00000000       0x71 build/braids/quantizer.o
 .comment       0x00000000       0x71 build/braids/resources.o
 .comment       0x00000000       0x71 build/braids/settings.o
 .comment       0x00000000       0x71 build/braids/ui.o
 .comment       0x00000000       0x71 build/braids/adc.o
 .comment       0x00000000       0x71 build/braids/dac.o
 .comment       0x00000000       0x71 build/braids/display.o
 .comment       0x00000000       0x71 build/braids/encoder.o
 .comment       0x00000000       0x71 build/braids/gate_input.o
 .comment       0x00000000       0x71 build/braids/internal_adc.o
 .comment       0x00000000       0x71 build/braids/system.o
 .comment       0x00000000       0x71 build/braids/random.o
 .comment       0x00000000       0x71 build/braids/system_clock.o
 .comment       0x00000000       0x71 build/braids/system_stm32f10x.o
 .comment       0x00000000       0x71 build/braids/misc.o
 .comment       0x00000000       0x71 build/braids/stm32f10x_adc.o
 .comment       0x00000000       0x71 build/braids/stm32f10x_dma.o
 .comment       0x00000000       0x71 build/braids/stm32f10x_flash.o
 .comment       0x00000000       0x71 build/braids/stm32f10x_gpio.o
 .comment       0x00000000       0x71 build/braids/stm32f10x_rcc.o
 .comment       0x00000000       0x71 build/braids/stm32f10x_spi.o
 .comment       0x00000000       0x71 build/braids/stm32f10x_tim.o

.debug_info     0x00000000    0x34d23
 .debug_info    0x00000000     0x2313 build/braids/analog_oscillator.o
 .debug_info    0x00002313     0x802d build/braids/braids.o
 .debug_info    0x0000a340     0x97e7 build/braids/digital_oscillator.o
 .debug_info    0x00013b27     0x48d6 build/braids/macro_oscillator.o
 .debug_info    0x000183fd      0xc64 build/braids/quantizer.o
 .debug_info    0x00019061     0xe5b3 build/braids/resources.o
 .debug_info    0x00027614     0x1aab build/braids/settings.o
 .debug_info    0x000290bf     0x2881 build/braids/ui.o
 .debug_info    0x0002b940      0x9b5 build/braids/adc.o
 .debug_info    0x0002c2f5      0x558 build/braids/dac.o
 .debug_info    0x0002c84d      0x61d build/braids/display.o
 .debug_info    0x0002ce6a      0x480 build/braids/encoder.o
 .debug_info    0x0002d2ea      0x382 build/braids/gate_input.o
 .debug_info    0x0002d66c      0x8d3 build/braids/internal_adc.o
 .debug_info    0x0002df3f      0xb86 build/braids/system.o
 .debug_info    0x0002eac5      0x163 build/braids/random.o
 .debug_info    0x0002ec28      0x2ce build/braids/system_clock.o
 .debug_info    0x0002eef6      0x2a2 build/braids/system_stm32f10x.o
 .debug_info    0x0002f198      0x4c0 build/braids/misc.o
 .debug_info    0x0002f658      0xbe4 build/braids/stm32f10x_adc.o
 .debug_info    0x0003023c      0x400 build/braids/stm32f10x_dma.o
 .debug_info    0x0003063c      0x8e6 build/braids/stm32f10x_flash.o
 .debug_info    0x00030f22      0x820 build/braids/stm32f10x_gpio.o
 .debug_info    0x00031742      0x8f3 build/braids/stm32f10x_rcc.o
 .debug_info    0x00032035      0x997 build/braids/stm32f10x_spi.o
 .debug_info    0x000329cc     0x2357 build/braids/stm32f10x_tim.o

.debug_abbrev   0x00000000     0x522b
 .debug_abbrev  0x00000000      0x510 build/braids/analog_oscillator.o
 .debug_abbrev  0x00000510      0x8d1 build/braids/braids.o
 .debug_abbrev  0x00000de1      0x7d7 build/braids/digital_oscillator.o
 .debug_abbrev  0x000015b8      0x759 build/braids/macro_oscillator.o
 .debug_abbrev  0x00001d11      0x3a8 build/braids/quantizer.o
 .debug_abbrev  0x000020b9       0xe0 build/braids/resources.o
 .debug_abbrev  0x00002199      0x669 build/braids/settings.o
 .debug_abbrev  0x00002802      0x5eb build/braids/ui.o
 .debug_abbrev  0x00002ded      0x281 build/braids/adc.o
 .debug_abbrev  0x0000306e      0x200 build/braids/dac.o
 .debug_abbrev  0x0000326e      0x33a build/braids/display.o
 .debug_abbrev  0x000035a8      0x209 build/braids/encoder.o
 .debug_abbrev  0x000037b1      0x1d9 build/braids/gate_input.o
 .debug_abbrev  0x0000398a      0x21e build/braids/internal_adc.o
 .debug_abbrev  0x00003ba8      0x2e4 build/braids/system.o
 .debug_abbrev  0x00003e8c       0xf5 build/braids/random.o
 .debug_abbrev  0x00003f81      0x1fd build/braids/system_clock.o
 .debug_abbrev  0x0000417e      0x113 build/braids/system_stm32f10x.o
 .debug_abbrev  0x00004291      0x141 build/braids/misc.o
 .debug_abbrev  0x000043d2      0x1dc build/braids/stm32f10x_adc.o
 .debug_abbrev  0x000045ae      0x16d build/braids/stm32f10x_dma.o
 .debug_abbrev  0x0000471b      0x268 build/braids/stm32f10x_flash.o
 .debug_abbrev  0x00004983      0x1e7 build/braids/stm32f10x_gpio.o
 .debug_abbrev  0x00004b6a      0x23f build/braids/stm32f10x_rcc.o
 .debug_abbrev  0x00004da9      0x1eb build/braids/stm32f10x_spi.o
 .debug_abbrev  0x00004f94      0x297 build/braids/stm32f10x_tim.o

.debug_loc      0x00000000    0x1c742
 .debug_loc     0x00000000     0x3200 build/braids/analog_oscillator.o
 .debug_loc     0x00003200     0x1579 build/braids/braids.o
 .debug_loc     0x00004779     0xf6fe build/braids/digital_oscillator.o
 .debug_loc     0x00013e77     0x24b6 build/braids/macro_oscillator.o
 .debug_loc     0x0001632d      0x5bb build/braids/quantizer.o
 .debug_loc     0x000168e8      0xa67 build/braids/settings.o
 .debug_loc     0x0001734f      0x899 build/braids/ui.o
 .debug_loc     0x00017be8      0x14e build/braids/adc.o
 .debug_loc     0x00017d36       0x21 build/braids/dac.o
 .debug_loc     0x00017d57      0x15a build/braids/display.o
 .debug_loc     0x00017eb1       0x58 build/braids/encoder.o
 .debug_loc     0x00017f09       0x2c build/braids/gate_input.o
 .debug_loc     0x00017f35       0x39 build/braids/internal_adc.o
 .debug_loc     0x00017f6e       0x8f build/braids/system.o
 .debug_loc     0x00017ffd      0x13d build/braids/misc.o
 .debug_loc     0x0001813a      0x940 build/braids/stm32f10x_adc.o
 .debug_loc     0x00018a7a      0x177 build/braids/stm32f10x_dma.o
 .debug_loc     0x00018bf1      0x856 build/braids/stm32f10x_flash.o
 .debug_loc     0x00019447      0x5f3 build/braids/stm32f10x_gpio.o
 .debug_loc     0x00019a3a      0x76e build/braids/stm32f10x_rcc.o
 .debug_loc     0x0001a1a8      0x52c build/braids/stm32f10x_spi.o
 .debug_loc     0x0001a6d4     0x206e build/braids/stm32f10x_tim.o

.debug_aranges  0x00000000      0xd90
 .debug_aranges
                0x00000000       0x70 build/braids/analog_oscillator.o
 .debug_aranges
                0x00000070       0xf0 build/braids/braids.o
 .debug_aranges
                0x00000160      0x138 build/braids/digital_oscillator.o
 .debug_aranges
                0x00000298       0x70 build/braids/macro_oscillator.o
 .debug_aranges
                0x00000308       0x30 build/braids/quantizer.o
 .debug_aranges
                0x00000338       0x18 build/braids/resources.o
 .debug_aranges
                0x00000350       0x60 build/braids/settings.o
 .debug_aranges
                0x000003b0       0x58 build/braids/ui.o
 .debug_aranges
                0x00000408       0x30 build/braids/adc.o
 .debug_aranges
                0x00000438       0x20 build/braids/dac.o
 .debug_aranges
                0x00000458       0x38 build/braids/display.o
 .debug_aranges
                0x00000490       0x28 build/braids/encoder.o
 .debug_aranges
                0x000004b8       0x20 build/braids/gate_input.o
 .debug_aranges
                0x000004d8       0x20 build/braids/internal_adc.o
 .debug_aranges
                0x000004f8       0x28 build/braids/system.o
 .debug_aranges
                0x00000520       0x18 build/braids/random.o
 .debug_aranges
                0x00000538       0x28 build/braids/system_clock.o
 .debug_aranges
                0x00000560       0x20 build/braids/system_stm32f10x.o
 .debug_aranges
                0x00000580       0x40 build/braids/misc.o
 .debug_aranges
                0x000005c0      0x138 build/braids/stm32f10x_adc.o
 .debug_aranges
                0x000006f8       0x68 build/braids/stm32f10x_dma.o
 .debug_aranges
                0x00000760       0xd0 build/braids/stm32f10x_flash.o
 .debug_aranges
                0x00000830       0xa8 build/braids/stm32f10x_gpio.o
 .debug_aranges
                0x000008d8      0x118 build/braids/stm32f10x_rcc.o
 .debug_aranges
                0x000009f0       0xd0 build/braids/stm32f10x_spi.o
 .debug_aranges
                0x00000ac0      0x2d0 build/braids/stm32f10x_tim.o

.debug_ranges   0x00000000     0x69d8
 .debug_ranges  0x00000000      0x620 build/braids/analog_oscillator.o
 .debug_ranges  0x00000620      0x7c0 build/braids/braids.o
 .debug_ranges  0x00000de0     0x4648 build/braids/digital_oscillator.o
 .debug_ranges  0x00005428      0x5a0 build/braids/macro_oscillator.o
 .debug_ranges  0x000059c8       0xe8 build/braids/quantizer.o
 .debug_ranges  0x00005ab0      0x178 build/braids/settings.o
 .debug_ranges  0x00005c28      0x2e8 build/braids/ui.o
 .debug_ranges  0x00005f10       0x50 build/braids/adc.o
 .debug_ranges  0x00005f60       0x28 build/braids/dac.o
 .debug_ranges  0x00005f88       0x60 build/braids/display.o
 .debug_ranges  0x00005fe8       0x18 build/braids/encoder.o
 .debug_ranges  0x00006000       0x10 build/braids/gate_input.o
 .debug_ranges  0x00006010       0x30 build/braids/internal_adc.o
 .debug_ranges  0x00006040       0x30 build/braids/system.o
 .debug_ranges  0x00006070       0x18 build/braids/system_clock.o
 .debug_ranges  0x00006088       0x28 build/braids/system_stm32f10x.o
 .debug_ranges  0x000060b0       0x30 build/braids/misc.o
 .debug_ranges  0x000060e0      0x128 build/braids/stm32f10x_adc.o
 .debug_ranges  0x00006208       0x58 build/braids/stm32f10x_dma.o
 .debug_ranges  0x00006260       0xc0 build/braids/stm32f10x_flash.o
 .debug_ranges  0x00006320       0x98 build/braids/stm32f10x_gpio.o
 .debug_ranges  0x000063b8      0x108 build/braids/stm32f10x_rcc.o
 .debug_ranges  0x000064c0       0xc0 build/braids/stm32f10x_spi.o
 .debug_ranges  0x00006580      0x458 build/braids/stm32f10x_tim.o

.debug_line     0x00000000     0x861b
 .debug_line    0x00000000      0x851 build/braids/analog_oscillator.o
 .debug_line    0x00000851      0xd2f build/braids/braids.o
 .debug_line    0x00001580     0x2880 build/braids/digital_oscillator.o
 .debug_line    0x00003e00      0x85d build/braids/macro_oscillator.o
 .debug_line    0x0000465d      0x3c1 build/braids/quantizer.o
 .debug_line    0x00004a1e       0x98 build/braids/resources.o
 .debug_line    0x00004ab6      0x3ee build/braids/settings.o
 .debug_line    0x00004ea4      0x6b7 build/braids/ui.o
 .debug_line    0x0000555b      0x21b build/braids/adc.o
 .debug_line    0x00005776      0x16e build/braids/dac.o
 .debug_line    0x000058e4      0x218 build/braids/display.o
 .debug_line    0x00005afc      0x15d build/braids/encoder.o
 .debug_line    0x00005c59      0x143 build/braids/gate_input.o
 .debug_line    0x00005d9c      0x1b0 build/braids/internal_adc.o
 .debug_line    0x00005f4c      0x1b5 build/braids/system.o
 .debug_line    0x00006101       0x9e build/braids/random.o
 .debug_line    0x0000619f       0xce build/braids/system_clock.o
 .debug_line    0x0000626d       0xed build/braids/system_stm32f10x.o
 .debug_line    0x0000635a      0x197 build/braids/misc.o
 .debug_line    0x000064f1      0x4b3 build/braids/stm32f10x_adc.o
 .debug_line    0x000069a4      0x245 build/braids/stm32f10x_dma.o
 .debug_line    0x00006be9      0x3f6 build/braids/stm32f10x_flash.o
 .debug_line    0x00006fdf      0x319 build/braids/stm32f10x_gpio.o
 .debug_line    0x000072f8      0x3f1 build/braids/stm32f10x_rcc.o
 .debug_line    0x000076e9      0x385 build/braids/stm32f10x_spi.o
 .debug_line    0x00007a6e      0xbad build/braids/stm32f10x_tim.o

.debug_str      0x00000000     0x9b38
 .debug_str     0x00000000      0xf13 build/braids/analog_oscillator.o
                               0x1071 (size before relaxing)
 .debug_str     0x00000f13     0x45c0 build/braids/braids.o
                               0x58d6 (size before relaxing)
 .debug_str     0x000054d3      0xeec build/braids/digital_oscillator.o
                               0x319b (size before relaxing)
 .debug_str     0x000063bf      0x14f build/braids/macro_oscillator.o
                               0x31e4 (size before relaxing)
 .debug_str     0x0000650e      0x1c2 build/braids/quantizer.o
                                0x712 (size before relaxing)
 .debug_str     0x000066d0      0x50c build/braids/resources.o
                                0xcbb (size before relaxing)
 .debug_str     0x00006bdc      0x596 build/braids/settings.o
                               0x1871 (size before relaxing)
 .debug_str     0x00007172       0xad build/braids/ui.o
                               0x210c (size before relaxing)
 .debug_str     0x0000721f      0x240 build/braids/adc.o
                                0x6bf (size before relaxing)
 .debug_str     0x0000745f       0x16 build/braids/dac.o
                                0x55d (size before relaxing)
 .debug_str     0x00007475       0x53 build/braids/display.o
                                0x5aa (size before relaxing)
 .debug_str     0x000074c8       0x30 build/braids/encoder.o
                                0x53c (size before relaxing)
 .debug_str     0x000074f8       0x1d build/braids/gate_input.o
                                0x48d (size before relaxing)
 .debug_str     0x00007515      0x2b9 build/braids/internal_adc.o
                                0x770 (size before relaxing)
 .debug_str     0x000077ce      0x584 build/braids/system.o
                                0x9b1 (size before relaxing)
 .debug_str     0x00007d52       0x36 build/braids/random.o
                                0x309 (size before relaxing)
 .debug_str     0x00007d88       0x63 build/braids/system_clock.o
                                0x3c6 (size before relaxing)
 .debug_str     0x00007deb      0x24a build/braids/system_stm32f10x.o
                                0x326 (size before relaxing)
 .debug_str     0x00008035       0xdb build/braids/misc.o
                                0x43f (size before relaxing)
 .debug_str     0x00008110      0x3e6 build/braids/stm32f10x_adc.o
                                0x78e (size before relaxing)
 .debug_str     0x000084f6       0xfd build/braids/stm32f10x_dma.o
                                0x412 (size before relaxing)
 .debug_str     0x000085f3      0x2fc build/braids/stm32f10x_flash.o
                                0x5f3 (size before relaxing)
 .debug_str     0x000088ef      0x222 build/braids/stm32f10x_gpio.o
                                0x59c (size before relaxing)
 .debug_str     0x00008b11      0x38a build/braids/stm32f10x_rcc.o
                                0x696 (size before relaxing)
 .debug_str     0x00008e9b      0x277 build/braids/stm32f10x_spi.o
                                0x6b9 (size before relaxing)
 .debug_str     0x00009112      0xa26 build/braids/stm32f10x_tim.o
                                0xe87 (size before relaxing)

.debug_frame    0x00000000     0x20a4
 .debug_frame   0x00000000      0x1b4 build/braids/analog_oscillator.o
 .debug_frame   0x000001b4      0x21c build/braids/braids.o
 .debug_frame   0x000003d0      0x584 build/braids/digital_oscillator.o
 .debug_frame   0x00000954      0x188 build/braids/macro_oscillator.o
 .debug_frame   0x00000adc       0x64 build/braids/quantizer.o
 .debug_frame   0x00000b40       0xe8 build/braids/settings.o
 .debug_frame   0x00000c28       0xe4 build/braids/ui.o
 .debug_frame   0x00000d0c       0x64 build/braids/adc.o
 .debug_frame   0x00000d70       0x30 build/braids/dac.o
 .debug_frame   0x00000da0       0x6c build/braids/display.o
 .debug_frame   0x00000e0c       0x4c build/braids/encoder.o
 .debug_frame   0x00000e58       0x2c build/braids/gate_input.o
 .debug_frame   0x00000e84       0x34 build/braids/internal_adc.o
 .debug_frame   0x00000eb8       0x48 build/braids/system.o
 .debug_frame   0x00000f00       0x30 build/braids/system_clock.o
 .debug_frame   0x00000f30       0x28 build/braids/system_stm32f10x.o
 .debug_frame   0x00000f58       0x68 build/braids/misc.o
 .debug_frame   0x00000fc0      0x280 build/braids/stm32f10x_adc.o
 .debug_frame   0x00001240       0xbc build/braids/stm32f10x_dma.o
 .debug_frame   0x000012fc      0x1f8 build/braids/stm32f10x_flash.o
 .debug_frame   0x000014f4      0x15c build/braids/stm32f10x_gpio.o
 .debug_frame   0x00001650      0x21c build/braids/stm32f10x_rcc.o
 .debug_frame   0x0000186c      0x1ac build/braids/stm32f10x_spi.o
 .debug_frame   0x00001a18      0x614 build/braids/stm32f10x_tim.o
 .debug_frame   0x0000202c       0x2c /usr/local/arm-4.8.3/bin/../lib/gcc/arm-none-eabi/4.8.3/../../../../arm-none-eabi/lib/armv7-m/libc.a(lib_a-memset.o)
 .debug_frame   0x00002058       0x20 /usr/local/arm-4.8.3/bin/../lib/gcc/arm-none-eabi/4.8.3/../../../../arm-none-eabi/lib/armv7-m/libc.a(lib_a-strlen.o)
 .debug_frame   0x00002078       0x2c /usr/local/arm-4.8.3/bin/../lib/gcc/arm-none-eabi/4.8.3/../../../../arm-none-eabi/lib/armv7-m/libc.a(lib_a-strncpy.o)
