Archive member included because of file (symbol)

/usr/local/arm-4.8.3/bin/../lib/gcc/arm-none-eabi/4.8.3/../../../../arm-none-eabi/lib/armv7-m/libc.a(lib_a-aeabi_atexit.o)
                              build/braids_bootloader/bootloader.o (__aeabi_atexit)
/usr/local/arm-4.8.3/bin/../lib/gcc/arm-none-eabi/4.8.3/../../../../arm-none-eabi/lib/armv7-m/libc.a(lib_a-cxa_atexit.o)
                              /usr/local/arm-4.8.3/bin/../lib/gcc/arm-none-eabi/4.8.3/../../../../arm-none-eabi/lib/armv7-m/libc.a(lib_a-aeabi_atexit.o) (__cxa_atexit)
/usr/local/arm-4.8.3/bin/../lib/gcc/arm-none-eabi/4.8.3/../../../../arm-none-eabi/lib/armv7-m/libc.a(lib_a-exit.o)
                              /usr/local/arm-4.8.3/bin/../lib/gcc/arm-none-eabi/4.8.3/../../../../arm-none-eabi/lib/armv7-m/crt0.o (exit)
/usr/local/arm-4.8.3/bin/../lib/gcc/arm-none-eabi/4.8.3/../../../../arm-none-eabi/lib/armv7-m/libc.a(lib_a-impure.o)
                              /usr/local/arm-4.8.3/bin/../lib/gcc/arm-none-eabi/4.8.3/../../../../arm-none-eabi/lib/armv7-m/libc.a(lib_a-exit.o) (_global_impure_ptr)
/usr/local/arm-4.8.3/bin/../lib/gcc/arm-none-eabi/4.8.3/../../../../arm-none-eabi/lib/armv7-m/libc.a(lib_a-init.o)
                              /usr/local/arm-4.8.3/bin/../lib/gcc/arm-none-eabi/4.8.3/../../../../arm-none-eabi/lib/armv7-m/crt0.o (__libc_init_array)
/usr/local/arm-4.8.3/bin/../lib/gcc/arm-none-eabi/4.8.3/../../../../arm-none-eabi/lib/armv7-m/libc.a(lib_a-memcpy.o)
                              build/braids_bootloader/bootloader.o (memcpy)
/usr/local/arm-4.8.3/bin/../lib/gcc/arm-none-eabi/4.8.3/../../../../arm-none-eabi/lib/armv7-m/libc.a(lib_a-memset.o)
                              /usr/local/arm-4.8.3/bin/../lib/gcc/arm-none-eabi/4.8.3/../../../../arm-none-eabi/lib/armv7-m/crt0.o (memset)
/usr/local/arm-4.8.3/bin/../lib/gcc/arm-none-eabi/4.8.3/../../../../arm-none-eabi/lib/armv7-m/libc.a(lib_a-strncpy.o)
                              build/braids_bootloader/display.o (strncpy)
/usr/local/arm-4.8.3/bin/../lib/gcc/arm-none-eabi/4.8.3/../../../../arm-none-eabi/lib/armv7-m/libc.a(lib_a-__atexit.o)
                              /usr/local/arm-4.8.3/bin/../lib/gcc/arm-none-eabi/4.8.3/../../../../arm-none-eabi/lib/armv7-m/libc.a(lib_a-cxa_atexit.o) (__register_exitproc)
/usr/local/arm-4.8.3/bin/../lib/gcc/arm-none-eabi/4.8.3/../../../../arm-none-eabi/lib/armv7-m/libc.a(lib_a-__call_atexit.o)
                              /usr/local/arm-4.8.3/bin/../lib/gcc/arm-none-eabi/4.8.3/../../../../arm-none-eabi/lib/armv7-m/libc.a(lib_a-exit.o) (__call_exitprocs)
/usr/local/arm-4.8.3/bin/../lib/gcc/arm-none-eabi/4.8.3/../../../../arm-none-eabi/lib/armv7-m/libc.a(lib_a-atexit.o)
                              /usr/local/arm-4.8.3/bin/../lib/gcc/arm-none-eabi/4.8.3/../../../../arm-none-eabi/lib/armv7-m/libc.a(lib_a-__call_atexit.o) (atexit)
/usr/local/arm-4.8.3/bin/../lib/gcc/arm-none-eabi/4.8.3/../../../../arm-none-eabi/lib/armv7-m/libc.a(lib_a-fini.o)
                              /usr/local/arm-4.8.3/bin/../lib/gcc/arm-none-eabi/4.8.3/../../../../arm-none-eabi/lib/armv7-m/libc.a(lib_a-__call_atexit.o) (__libc_fini_array)

Discarded input sections

 .text          0x00000000        0x0 /usr/local/arm-4.8.3/bin/../lib/gcc/arm-none-eabi/4.8.3/armv7-m/crti.o
 .data          0x00000000        0x0 /usr/local/arm-4.8.3/bin/../lib/gcc/arm-none-eabi/4.8.3/armv7-m/crti.o
 .bss           0x00000000        0x0 /usr/local/arm-4.8.3/bin/../lib/gcc/arm-none-eabi/4.8.3/armv7-m/crti.o
 .text          0x00000000       0x54 /usr/local/arm-4.8.3/bin/../lib/gcc/arm-none-eabi/4.8.3/armv7-m/crtbegin.o
 .data          0x00000000        0x4 /usr/local/arm-4.8.3/bin/../lib/gcc/arm-none-eabi/4.8.3/armv7-m/crtbegin.o
 .bss           0x00000000       0x1c /usr/local/arm-4.8.3/bin/../lib/gcc/arm-none-eabi/4.8.3/armv7-m/crtbegin.o
 .init_array    0x00000000        0x4 /usr/local/arm-4.8.3/bin/../lib/gcc/arm-none-eabi/4.8.3/armv7-m/crtbegin.o
 .fini_array    0x00000000        0x4 /usr/local/arm-4.8.3/bin/../lib/gcc/arm-none-eabi/4.8.3/armv7-m/crtbegin.o
 .eh_frame      0x00000000        0x0 /usr/local/arm-4.8.3/bin/../lib/gcc/arm-none-eabi/4.8.3/armv7-m/crtbegin.o
 .jcr           0x00000000        0x0 /usr/local/arm-4.8.3/bin/../lib/gcc/arm-none-eabi/4.8.3/armv7-m/crtbegin.o
 .ARM.attributes
                0x00000000       0x2d /usr/local/arm-4.8.3/bin/../lib/gcc/arm-none-eabi/4.8.3/armv7-m/crtbegin.o
 .text          0x00000000       0x74 /usr/local/arm-4.8.3/bin/../lib/gcc/arm-none-eabi/4.8.3/../../../../arm-none-eabi/lib/armv7-m/crt0.o
 .data          0x00000000        0x0 /usr/local/arm-4.8.3/bin/../lib/gcc/arm-none-eabi/4.8.3/../../../../arm-none-eabi/lib/armv7-m/crt0.o
 .bss           0x00000000        0x0 /usr/local/arm-4.8.3/bin/../lib/gcc/arm-none-eabi/4.8.3/../../../../arm-none-eabi/lib/armv7-m/crt0.o
 .ARM.extab     0x00000000        0x0 /usr/local/arm-4.8.3/bin/../lib/gcc/arm-none-eabi/4.8.3/../../../../arm-none-eabi/lib/armv7-m/crt0.o
[...]
Memory Configuration

Name             Origin             Length             Attributes
FLASH            0x08000000         0x00020000         xr
RAM              0x20000000         0x00005000         xrw
*default*        0x00000000         0xffffffff

Linker script and memory map

LOAD /usr/local/arm-4.8.3/bin/../lib/gcc/arm-none-eabi/4.8.3/armv7-m/crti.o
LOAD /usr/local/arm-4.8.3/bin/../lib/gcc/arm-none-eabi/4.8.3/armv7-m/crtbegin.o
LOAD /usr/local/arm-4.8.3/bin/../lib/gcc/arm-none-eabi/4.8.3/../../../../arm-none-eabi/lib/armv7-m/crt0.o
LOAD build/braids_bootloader/bootloader.o
LOAD build/braids_bootloader/characters.o
LOAD build/braids_bootloader/adc.o
LOAD build/braids_bootloader/dac.o
LOAD build/braids_bootloader/debug_pin.o
LOAD build/braids_bootloader/display.o
LOAD build/braids_bootloader/encoder.o
LOAD build/braids_bootloader/gate_input.o
LOAD build/braids_bootloader/internal_adc.o
LOAD build/braids_bootloader/system.o
LOAD build/braids_bootloader/uart_logger.o
LOAD build/braids_bootloader/random.o
LOAD build/braids_bootloader/bootloader_utils.o
LOAD build/braids_bootloader/system_clock.o
LOAD build/braids_bootloader/demodulator.o
LOAD build/braids_bootloader/packet_decoder.o
LOAD build/braids_bootloader/core_cm3.o
LOAD build/braids_bootloader/system_stm32f10x.o
LOAD build/braids_bootloader/misc.o
LOAD build/braids_bootloader/stm32f10x_adc.o
LOAD build/braids_bootloader/stm32f10x_bkp.o
LOAD build/braids_bootloader/stm32f10x_can.o
LOAD build/braids_bootloader/stm32f10x_crc.o
LOAD build/braids_bootloader/stm32f10x_dac.o
LOAD build/braids_bootloader/stm32f10x_dbgmcu.o
LOAD build/braids_bootloader/stm32f10x_dma.o
LOAD build/braids_bootloader/stm32f10x_exti.o
LOAD build/braids_bootloader/stm32f10x_flash.o
LOAD build/braids_bootloader/stm32f10x_fsmc.o
LOAD build/braids_bootloader/stm32f10x_gpio.o
LOAD build/braids_bootloader/stm32f10x_i2c.o
LOAD build/braids_bootloader/stm32f10x_iwdg.o
LOAD build/braids_bootloader/stm32f10x_pwr.o
LOAD build/braids_bootloader/stm32f10x_rcc.o
LOAD build/braids_bootloader/stm32f10x_rtc.o
LOAD build/braids_bootloader/stm32f10x_sdio.o
LOAD build/braids_bootloader/stm32f10x_spi.o
LOAD build/braids_bootloader/stm32f10x_tim.o
LOAD build/braids_bootloader/stm32f10x_usart.o
LOAD build/braids_bootloader/stm32f10x_wwdg.o
LOAD build/braids_bootloader/startup_stm32f10x_md.o
START GROUP
LOAD /usr/local/arm-4.8.3/bin/../lib/gcc/arm-none-eabi/4.8.3/armv7-m/libgcc.a
LOAD /usr/local/arm-4.8.3/bin/../lib/gcc/arm-none-eabi/4.8.3/../../../../arm-none-eabi/lib/armv7-m/libc.a
END GROUP
LOAD /usr/local/arm-4.8.3/bin/../lib/gcc/arm-none-eabi/4.8.3/armv7-m/crtend.o
LOAD /usr/local/arm-4.8.3/bin/../lib/gcc/arm-none-eabi/4.8.3/armv7-m/crtn.o

.text           0x08000000     0x1de4
                0x08000000                _start = .
 *(.isr_vector)
 .isr_vector    0x08000000      0x10c build/braids_bootloader/startup_stm32f10x_md.o
                0x08000000                g_pfnVectors
 *(.text*)
 .text.HardFault_Handler
                0x0800010c        0x4 build/braids_bootloader/bootloader.o
                0x0800010c                HardFault_Handler
 .text.MemManage_Handler
                0x08000110        0x4 build/braids_bootloader/bootloader.o
                0x08000110                MemManage_Handler
 .text.BusFault_Handler
                0x08000114        0x4 build/braids_bootloader/bootloader.o
                0x08000114                BusFault_Handler
 .text.UsageFault_Handler
                0x08000118        0x4 build/braids_bootloader/bootloader.o
                0x08000118                UsageFault_Handler
 .text.NMI_Handler
                0x0800011c        0x4 build/braids_bootloader/bootloader.o
                0x0800011c                NMI_Handler
 .text.SVC_Handler
                0x08000120        0x4 build/braids_bootloader/bootloader.o
                0x08000120                SVC_Handler
 .text.DebugMon_Handler
                0x08000124        0x4 build/braids_bootloader/bootloader.o
                0x08000124                DebugMon_Handler
 .text.PendSV_Handler
                0x08000128        0x4 build/braids_bootloader/bootloader.o
                0x08000128                PendSV_Handler
 .text.SysTick_Handler
                0x0800012c       0x8c build/braids_bootloader/bootloader.o
                0x0800012c                SysTick_Handler
 .text.TIM1_UP_IRQHandler
                0x080001b8       0x74 build/braids_bootloader/bootloader.o
                0x080001b8                TIM1_UP_IRQHandler
 .text._Z11ProgramPagePKhj
                0x0800022c       0x30 build/braids_bootloader/bootloader.o
                0x0800022c                ProgramPage(unsigned char const*, unsigned int)
 .text._Z15PrintPageNumbertb
                0x0800025c       0x6c build/braids_bootloader/bootloader.o
                0x0800025c                PrintPageNumber(unsigned short, bool)
 .text._Z4Initv
                0x080002c8       0x48 build/braids_bootloader/bootloader.o
                0x080002c8                Init()
 .text._Z19InitializeReceptionv
                0x08000310       0x80 build/braids_bootloader/bootloader.o
                0x08000310                InitializeReception()
 .text.startup.main
                0x08000390      0x1d8 build/braids_bootloader/bootloader.o
                0x08000390                main
 .text._ZN6braids3Adc4InitEb
                0x08000568       0xd0 build/braids_bootloader/adc.o
                0x08000568                braids::Adc::Init(bool)
 .text._ZN6braids3Adc13PipelinedReadEh
                0x08000638       0x90 build/braids_bootloader/adc.o
                0x08000638                braids::Adc::PipelinedRead(unsigned char)
 .text._ZN6braids7Display4InitEv
                0x080006c8       0x44 build/braids_bootloader/display.o
                0x080006c8                braids::Display::Init()
 .text._ZN6braids7Display7RefreshEv
                0x0800070c       0x88 build/braids_bootloader/display.o
                0x0800070c                braids::Display::Refresh()
 .text._ZN6braids7Display5PrintEPKc
                0x08000794        0x8 build/braids_bootloader/display.o
                0x08000794                braids::Display::Print(char const*)
 .text._ZN6braids7Encoder4InitEv
                0x0800079c       0x34 build/braids_bootloader/encoder.o
                0x0800079c                braids::Encoder::Init()
 .text._ZN6braids7Encoder8DebounceEv
                0x080007d0       0x48 build/braids_bootloader/encoder.o
                0x080007d0                braids::Encoder::Debounce()
 .text._ZN6braids6System4InitEmb
                0x08000818       0x8c build/braids_bootloader/system.o
                0x08000818                braids::System::Init(unsigned long, bool)
 .text._ZN6braids6System11StartTimersEv
                0x080008a4       0x34 build/braids_bootloader/system.o
                0x080008a4                braids::System::StartTimers()
 .text._ZN6stmlib12UninitializeEv
                0x080008d8       0x74 build/braids_bootloader/bootloader_utils.o
                0x080008d8                stmlib::Uninitialize()
 .text._ZN6stmlib6JumpToEm
                0x0800094c       0x10 build/braids_bootloader/bootloader_utils.o
                0x0800094c                stmlib::JumpTo(unsigned long)
 .text._ZN20stm_audio_bootloader11Demodulator5ResetEv
                0x0800095c       0x4c build/braids_bootloader/demodulator.o
                0x0800095c                stm_audio_bootloader::Demodulator::Reset()
 .text._ZN20stm_audio_bootloader11Demodulator4InitEmtt
                0x080009a8       0x48 build/braids_bootloader/demodulator.o
                0x080009a8                stm_audio_bootloader::Demodulator::Init(unsigned long, unsigned short, unsigned short)
 .text._ZN20stm_audio_bootloader11Demodulator12DecideSymbolEb
                0x080009f0      0x120 build/braids_bootloader/demodulator.o
                0x080009f0                stm_audio_bootloader::Demodulator::DecideSymbol(bool)
 .text._ZN20stm_audio_bootloader11Demodulator19EstimateDcComponentEv
                0x08000b10       0x5c build/braids_bootloader/demodulator.o
                0x08000b10                stm_audio_bootloader::Demodulator::EstimateDcComponent()
 .text._ZN20stm_audio_bootloader11Demodulator13EstimatePowerEv
                0x08000b6c       0x68 build/braids_bootloader/demodulator.o
                0x08000b6c                stm_audio_bootloader::Demodulator::EstimatePower()
 .text._ZN20stm_audio_bootloader11Demodulator10DemodulateEv
                0x08000bd4      0x274 build/braids_bootloader/demodulator.o
                0x08000bd4                stm_audio_bootloader::Demodulator::Demodulate()
 .text._ZN20stm_audio_bootloader13PacketDecoder4InitEtb
                0x08000e48       0x28 build/braids_bootloader/packet_decoder.o
                0x08000e48                stm_audio_bootloader::PacketDecoder::Init(unsigned short, bool)
 .text._ZN20stm_audio_bootloader13PacketDecoder15ParseSyncHeaderEh
                0x08000e70       0x9c build/braids_bootloader/packet_decoder.o
                0x08000e70                stm_audio_bootloader::PacketDecoder::ParseSyncHeader(unsigned char)
 .text._ZN20stm_audio_bootloader13PacketDecoder13ProcessSymbolEh
                0x08000f0c       0xe8 build/braids_bootloader/packet_decoder.o
                0x08000f0c                stm_audio_bootloader::PacketDecoder::ProcessSymbol(unsigned char)
 .text.__set_MSP
                0x08000ff4        0x8 build/braids_bootloader/core_cm3.o
                0x08000ff4                __set_MSP
 .text.SystemInit
                0x08000ffc       0xf8 build/braids_bootloader/system_stm32f10x.o
                0x08000ffc                SystemInit
 .text.NVIC_PriorityGroupConfig
                0x080010f4       0x14 build/braids_bootloader/misc.o
                0x080010f4                NVIC_PriorityGroupConfig
 .text.NVIC_Init
                0x08001108       0x70 build/braids_bootloader/misc.o
                0x08001108                NVIC_Init
 .text.NVIC_SetVectorTable
                0x08001178       0x14 build/braids_bootloader/misc.o
                0x08001178                NVIC_SetVectorTable
 .text.FLASH_Unlock
                0x0800118c       0x18 build/braids_bootloader/stm32f10x_flash.o
                0x0800118c                FLASH_Unlock
 .text.FLASH_GetStatus
                0x080011a4       0x28 build/braids_bootloader/stm32f10x_flash.o
                0x080011a4                FLASH_GetStatus
 .text.FLASH_WaitForLastOperation
                0x080011cc       0x40 build/braids_bootloader/stm32f10x_flash.o
                0x080011cc                FLASH_WaitForLastOperation
 .text.FLASH_ErasePage
                0x0800120c       0x44 build/braids_bootloader/stm32f10x_flash.o
                0x0800120c                FLASH_ErasePage
 .text.FLASH_ProgramWord
                0x08001250       0x60 build/braids_bootloader/stm32f10x_flash.o
                0x08001250                FLASH_ProgramWord
 .text.GPIO_Init
                0x080012b0       0xb4 build/braids_bootloader/stm32f10x_gpio.o
                0x080012b0                GPIO_Init
 .text.GPIO_ReadInputDataBit
                0x08001364        0xc build/braids_bootloader/stm32f10x_gpio.o
                0x08001364                GPIO_ReadInputDataBit
 .text.GPIO_SetBits
                0x08001370        0x4 build/braids_bootloader/stm32f10x_gpio.o
                0x08001370                GPIO_SetBits
 .text.GPIO_ResetBits
                0x08001374        0x4 build/braids_bootloader/stm32f10x_gpio.o
                0x08001374                GPIO_ResetBits
 .text.RCC_AHBPeriphClockCmd
                0x08001378       0x18 build/braids_bootloader/stm32f10x_rcc.o
                0x08001378                RCC_AHBPeriphClockCmd
 .text.RCC_APB2PeriphClockCmd
                0x08001390       0x18 build/braids_bootloader/stm32f10x_rcc.o
                0x08001390                RCC_APB2PeriphClockCmd
 .text.RCC_APB1PeriphClockCmd
                0x080013a8       0x18 build/braids_bootloader/stm32f10x_rcc.o
                0x080013a8                RCC_APB1PeriphClockCmd
 .text.SPI_Init
                0x080013c0       0x40 build/braids_bootloader/stm32f10x_spi.o
                0x080013c0                SPI_Init
 .text.SPI_Cmd  0x08001400       0x1c build/braids_bootloader/stm32f10x_spi.o
                0x08001400                SPI_Cmd
 .text.SPI_I2S_SendData
                0x0800141c        0x4 build/braids_bootloader/stm32f10x_spi.o
                0x0800141c                SPI_I2S_SendData
 .text.SPI_I2S_ReceiveData
                0x08001420        0x8 build/braids_bootloader/stm32f10x_spi.o
                0x08001420                SPI_I2S_ReceiveData
 .text.TIM_TimeBaseInit
                0x08001428       0x48 build/braids_bootloader/stm32f10x_tim.o
                0x08001428                TIM_TimeBaseInit
 .text.TIM_Cmd  0x08001470       0x1c build/braids_bootloader/stm32f10x_tim.o
                0x08001470                TIM_Cmd
 .text.TIM_ITConfig
                0x0800148c       0x14 build/braids_bootloader/stm32f10x_tim.o
                0x0800148c                TIM_ITConfig
 .text.TIM_InternalClockConfig
                0x080014a0       0x10 build/braids_bootloader/stm32f10x_tim.o
                0x080014a0                TIM_InternalClockConfig
 .text.TIM_GetITStatus
                0x080014b0       0x18 build/braids_bootloader/stm32f10x_tim.o
                0x080014b0                TIM_GetITStatus
 .text.TIM_ClearITPendingBit
                0x080014c8        0x8 build/braids_bootloader/stm32f10x_tim.o
                0x080014c8                TIM_ClearITPendingBit
 .text.Reset_Handler
                0x080014d0       0x48 build/braids_bootloader/startup_stm32f10x_md.o
                0x080014d0                Reset_Handler
 .text.Default_Handler
                0x08001518        0x4 build/braids_bootloader/startup_stm32f10x_md.o
                0x08001518                EXTI2_IRQHandler
                0x08001518                TIM1_CC_IRQHandler
                0x08001518                PVD_IRQHandler
                0x08001518                EXTI3_IRQHandler
                0x08001518                EXTI0_IRQHandler
                0x08001518                I2C2_EV_IRQHandler
                0x08001518                ADC1_2_IRQHandler
                0x08001518                SPI1_IRQHandler
                0x08001518                TAMPER_IRQHandler
                0x08001518                DMA1_Channel4_IRQHandler
                0x08001518                USART3_IRQHandler
                0x08001518                RTC_IRQHandler
                0x08001518                DMA1_Channel7_IRQHandler
                0x08001518                CAN1_RX1_IRQHandler
                0x08001518                TIM4_IRQHandler
                0x08001518                I2C1_EV_IRQHandler
                0x08001518                DMA1_Channel6_IRQHandler
                0x08001518                TIM3_IRQHandler
                0x08001518                RCC_IRQHandler
                0x08001518                TIM1_TRG_COM_IRQHandler
                0x08001518                DMA1_Channel1_IRQHandler
                0x08001518                Default_Handler
                0x08001518                EXTI15_10_IRQHandler
                0x08001518                EXTI9_5_IRQHandler
                0x08001518                SPI2_IRQHandler
                0x08001518                DMA1_Channel5_IRQHandler
                0x08001518                EXTI4_IRQHandler
                0x08001518                USB_LP_CAN1_RX0_IRQHandler
                0x08001518                USB_HP_CAN1_TX_IRQHandler
                0x08001518                DMA1_Channel3_IRQHandler
                0x08001518                WWDG_IRQHandler
                0x08001518                TIM2_IRQHandler
                0x08001518                TIM1_BRK_IRQHandler
                0x08001518                EXTI1_IRQHandler
                0x08001518                RTCAlarm_IRQHandler
                0x08001518                USART2_IRQHandler
                0x08001518                I2C2_ER_IRQHandler
                0x08001518                DMA1_Channel2_IRQHandler
                0x08001518                CAN1_SCE_IRQHandler
                0x08001518                FLASH_IRQHandler
                0x08001518                USART1_IRQHandler
                0x08001518                I2C1_ER_IRQHandler
                0x08001518                USBWakeUp_IRQHandler
 .text          0x0800151c       0xec /usr/local/arm-4.8.3/bin/../lib/gcc/arm-none-eabi/4.8.3/../../../../arm-none-eabi/lib/armv7-m/libc.a(lib_a-memcpy.o)
                0x0800151c                memcpy
 .text.memset   0x08001608       0x94 /usr/local/arm-4.8.3/bin/../lib/gcc/arm-none-eabi/4.8.3/../../../../arm-none-eabi/lib/armv7-m/libc.a(lib_a-memset.o)
                0x08001608                memset
 .text.strncpy  0x0800169c       0x64 /usr/local/arm-4.8.3/bin/../lib/gcc/arm-none-eabi/4.8.3/../../../../arm-none-eabi/lib/armv7-m/libc.a(lib_a-strncpy.o)
                0x0800169c                strncpy
 *(.rodata*)
 .rodata.str1.4
                0x08001700       0x20 build/braids_bootloader/bootloader.o
 .rodata._ZN6braids14chr_charactersE
                0x08001720      0x200 build/braids_bootloader/characters.o
                0x08001720                braids::chr_characters
 .rodata._ZN6braidsL20kCharacterEnablePinsE
                0x08001920        0x8 build/braids_bootloader/display.o
 .rodata._ZN20stm_audio_bootloaderL23filter_coefficients_3_7E
                0x08001928       0x10 build/braids_bootloader/demodulator.o
 .rodata._ZN20stm_audio_bootloaderL23filter_coefficients_4_7E
                0x08001938       0x10 build/braids_bootloader/demodulator.o
 .rodata._ZN20stm_audio_bootloaderL23filter_coefficients_6_7E
                0x08001948       0x10 build/braids_bootloader/demodulator.o
 .rodata._ZN20stm_audio_bootloaderL23filter_coefficients_8_7E
                0x08001958       0x10 build/braids_bootloader/demodulator.o
 .rodata._ZN20stm_audio_bootloaderL12cutoff_tableE
                0x08001968       0x44 build/braids_bootloader/demodulator.o
 .rodata._ZN20stm_audio_bootloaderL24filter_coefficients_12_7E
                0x080019ac       0x10 build/braids_bootloader/demodulator.o
 .rodata._ZN20stm_audio_bootloaderL24filter_coefficients_16_7E
                0x080019bc       0x10 build/braids_bootloader/demodulator.o
 .rodata._ZL9crc32_tab
                0x080019cc      0x400 build/braids_bootloader/packet_decoder.o
 *(.flashtext*)
 *(.init)
 .init          0x08001dcc        0x4 /usr/local/arm-4.8.3/bin/../lib/gcc/arm-none-eabi/4.8.3/armv7-m/crti.o
                0x08001dcc                _init
 .init          0x08001dd0        0x8 /usr/local/arm-4.8.3/bin/../lib/gcc/arm-none-eabi/4.8.3/armv7-m/crtn.o
 *(.fini)
 .fini          0x08001dd8        0x4 /usr/local/arm-4.8.3/bin/../lib/gcc/arm-none-eabi/4.8.3/armv7-m/crti.o
                0x08001dd8                _fini
 .fini          0x08001ddc        0x8 /usr/local/arm-4.8.3/bin/../lib/gcc/arm-none-eabi/4.8.3/armv7-m/crtn.o
                0x08001de4                _etext = .
                0x08001de4                _sidata = .

.glue_7         0x08001de4        0x0
 .glue_7        0x00000000        0x0 linker stubs

.glue_7t        0x08001de4        0x0
 .glue_7t       0x00000000        0x0 linker stubs

.vfp11_veneer   0x08001de4        0x0
 .vfp11_veneer  0x00000000        0x0 linker stubs

.v4_bx          0x08001de4        0x0
 .v4_bx         0x00000000        0x0 linker stubs

.iplt           0x08001de4        0x0
 .iplt          0x00000000        0x0 /usr/local/arm-4.8.3/bin/../lib/gcc/arm-none-eabi/4.8.3/armv7-m/crtbegin.o

.rel.dyn        0x08001de4        0x0
 .rel.iplt      0x00000000        0x0 /usr/local/arm-4.8.3/bin/../lib/gcc/arm-none-eabi/4.8.3/armv7-m/crtbegin.o

.data           0x20000000      0x210 load address 0x08001de4
                0x20000000                _sdata = .
 *(.ramtext*)
                0x20000000                . = ALIGN (0x4)
 *(.data*)
 .data.discard_samples
                0x20000000        0x2 build/braids_bootloader/bootloader.o
                0x20000000                discard_samples
 *fill*         0x20000002        0x2 
 .data.kErrorStrings
                0x20000004        0x8 build/braids_bootloader/bootloader.o
                0x20000004                kErrorStrings
 .data._ZN20stm_audio_bootloader8lut_sineE
                0x2000000c      0x204 build/braids_bootloader/demodulator.o
                0x2000000c                stm_audio_bootloader::lut_sine
                0x20000210                _edata = .

.igot.plt       0x20000210        0x0 load address 0x08001ff4
 .igot.plt      0x00000000        0x0 /usr/local/arm-4.8.3/bin/../lib/gcc/arm-none-eabi/4.8.3/armv7-m/crtbegin.o

.bss            0x20000210     0x146c load address 0x08001ff4
                0x20000210                _sstack = .
                0x20000410                . = (. + 0x200)
 *fill*         0x20000210      0x200 
                0x20000410                _estack = .
                0x20000410                _sbss = .
 *(.bss*)
 .bss.packet_inspector_byte
                0x20000410        0x1 build/braids_bootloader/bootloader.o
                0x20000410                packet_inspector_byte
 *fill*         0x20000411        0x3 
 .bss.encoder   0x20000414        0x4 build/braids_bootloader/bootloader.o
                0x20000414                encoder
 .bss.encoder_released
                0x20000418        0x1 build/braids_bootloader/bootloader.o
                0x20000418                encoder_released
 *fill*         0x20000419        0x3 
 .bss.adc       0x2000041c       0x14 build/braids_bootloader/bootloader.o
                0x2000041c                adc
 .bss.demodulator
                0x20000430      0xd18 build/braids_bootloader/bootloader.o
                0x20000430                demodulator
 .bss.rx_buffer
                0x20001148      0x400 build/braids_bootloader/bootloader.o
                0x20001148                rx_buffer
 .bss.sys       0x20001548        0x4 build/braids_bootloader/bootloader.o
                0x20001548                sys
 .bss._ZL15current_address
                0x2000154c        0x4 build/braids_bootloader/bootloader.o
 .bss.display   0x20001550        0xc build/braids_bootloader/bootloader.o
                0x20001550                display
 .bss.decoder   0x2000155c      0x118 build/braids_bootloader/bootloader.o
                0x2000155c                decoder
 .bss._ZL12packet_index
                0x20001674        0x2 build/braids_bootloader/bootloader.o
 *fill*         0x20001676        0x2 
 .bss._ZN6stmlib12system_clockE
                0x20001678        0x4 build/braids_bootloader/system_clock.o
                0x20001678                stmlib::system_clock
 *(COMMON)
                0x2000167c                _ebss = .
OUTPUT(build/braids_bootloader/braids_bootloader.elf elf32-littlearm)

.ARM.attributes
                0x00000000       0x29
 .ARM.attributes
                0x00000000       0x1d /usr/local/arm-4.8.3/bin/../lib/gcc/arm-none-eabi/4.8.3/armv7-m/crti.o
 .ARM.attributes
                0x0000001d       0x33 build/braids_bootloader/bootloader.o
 .ARM.attributes
                0x00000050       0x33 build/braids_bootloader/characters.o
 .ARM.attributes
                0x00000083       0x33 build/braids_bootloader/adc.o
 .ARM.attributes
                0x000000b6       0x33 build/braids_bootloader/display.o
 .ARM.attributes
                0x000000e9       0x33 build/braids_bootloader/encoder.o
 .ARM.attributes
                0x0000011c       0x33 build/braids_bootloader/system.o
 .ARM.attributes
                0x0000014f       0x33 build/braids_bootloader/bootloader_utils.o
 .ARM.attributes
                0x00000182       0x33 build/braids_bootloader/system_clock.o
 .ARM.attributes
                0x000001b5       0x33 build/braids_bootloader/demodulator.o
 .ARM.attributes
                0x000001e8       0x33 build/braids_bootloader/packet_decoder.o
 .ARM.attributes
                0x0000021b       0x33 build/braids_bootloader/core_cm3.o
 .ARM.attributes
                0x0000024e       0x33 build/braids_bootloader/system_stm32f10x.o
 .ARM.attributes
                0x00000281       0x33 build/braids_bootloader/misc.o
 .ARM.attributes
                0x000002b4       0x33 build/braids_bootloader/stm32f10x_flash.o
 .ARM.attributes
                0x000002e7       0x33 build/braids_bootloader/stm32f10x_gpio.o
 .ARM.attributes
                0x0000031a       0x33 build/braids_bootloader/stm32f10x_rcc.o
 .ARM.attributes
                0x0000034d       0x33 build/braids_bootloader/stm32f10x_spi.o
 .ARM.attributes
                0x00000380       0x33 build/braids_bootloader/stm32f10x_tim.o
 .ARM.attributes
                0x000003b3       0x21 build/braids_bootloader/startup_stm32f10x_md.o
 .ARM.attributes
                0x000003d4       0x1b /usr/local/arm-4.8.3/bin/../lib/gcc/arm-none-eabi/4.8.3/../../../../arm-none-eabi/lib/armv7-m/libc.a(lib_a-memcpy.o)
 .ARM.attributes
                0x000003ef       0x2d /usr/local/arm-4.8.3/bin/../lib/gcc/arm-none-eabi/4.8.3/../../../../arm-none-eabi/lib/armv7-m/libc.a(lib_a-memset.o)
 .ARM.attributes
                0x0000041c       0x2d /usr/local/arm-4.8.3/bin/../lib/gcc/arm-none-eabi/4.8.3/../../../../arm-none-eabi/lib/armv7-m/libc.a(lib_a-strncpy.o)
 .ARM.attributes
                0x00000449       0x1d /usr/local/arm-4.8.3/bin/../lib/gcc/arm-none-eabi/4.8.3/armv7-m/crtn.o

.comment        0x00000000       0x70
 .comment       0x00000000       0x70 build/braids_bootloader/bootloader.o
                                 0x71 (size before relaxing)
 .comment       0x00000000       0x71 build/braids_bootloader/characters.o
 .comment       0x00000000       0x71 build/braids_bootloader/adc.o
 .comment       0x00000000       0x71 build/braids_bootloader/display.o
 .comment       0x00000000       0x71 build/braids_bootloader/encoder.o
 .comment       0x00000000       0x71 build/braids_bootloader/system.o
 .comment       0x00000000       0x71 build/braids_bootloader/bootloader_utils.o
 .comment       0x00000000       0x71 build/braids_bootloader/system_clock.o
 .comment       0x00000000       0x71 build/braids_bootloader/demodulator.o
 .comment       0x00000000       0x71 build/braids_bootloader/packet_decoder.o
 .comment       0x00000000       0x71 build/braids_bootloader/core_cm3.o
 .comment       0x00000000       0x71 build/braids_bootloader/system_stm32f10x.o
 .comment       0x00000000       0x71 build/braids_bootloader/misc.o
 .comment       0x00000000       0x71 build/braids_bootloader/stm32f10x_flash.o
 .comment       0x00000000       0x71 build/braids_bootloader/stm32f10x_gpio.o
 .comment       0x00000000       0x71 build/braids_bootloader/stm32f10x_rcc.o
 .comment       0x00000000       0x71 build/braids_bootloader/stm32f10x_spi.o
 .comment       0x00000000       0x71 build/braids_bootloader/stm32f10x_tim.o

.debug_info     0x00000000     0xc86c
 .debug_info    0x00000000     0x2c2a build/braids_bootloader/bootloader.o
 .debug_info    0x00002c2a      0x2b6 build/braids_bootloader/characters.o
 .debug_info    0x00002ee0      0x9b5 build/braids_bootloader/adc.o
 .debug_info    0x00003895      0x61d build/braids_bootloader/display.o
 .debug_info    0x00003eb2      0x480 build/braids_bootloader/encoder.o
 .debug_info    0x00004332      0xb86 build/braids_bootloader/system.o
 .debug_info    0x00004eb8      0x2fb build/braids_bootloader/bootloader_utils.o
 .debug_info    0x000051b3      0x2ce build/braids_bootloader/system_clock.o
 .debug_info    0x00005481     0x1700 build/braids_bootloader/demodulator.o
 .debug_info    0x00006b81      0x999 build/braids_bootloader/packet_decoder.o
 .debug_info    0x0000751a      0x509 build/braids_bootloader/core_cm3.o
 .debug_info    0x00007a23      0x2a2 build/braids_bootloader/system_stm32f10x.o
 .debug_info    0x00007cc5      0x4c0 build/braids_bootloader/misc.o
 .debug_info    0x00008185      0x8e6 build/braids_bootloader/stm32f10x_flash.o
 .debug_info    0x00008a6b      0x820 build/braids_bootloader/stm32f10x_gpio.o
 .debug_info    0x0000928b      0x8f3 build/braids_bootloader/stm32f10x_rcc.o
 .debug_info    0x00009b7e      0x997 build/braids_bootloader/stm32f10x_spi.o
 .debug_info    0x0000a515     0x2357 build/braids_bootloader/stm32f10x_tim.o

.debug_abbrev   0x00000000     0x2bb0
 .debug_abbrev  0x00000000      0x644 build/braids_bootloader/bootloader.o
 .debug_abbrev  0x00000644       0x75 build/braids_bootloader/characters.o
 .debug_abbrev  0x000006b9      0x281 build/braids_bootloader/adc.o
 .debug_abbrev  0x0000093a      0x33a build/braids_bootloader/display.o
 .debug_abbrev  0x00000c74      0x209 build/braids_bootloader/encoder.o
 .debug_abbrev  0x00000e7d      0x2e4 build/braids_bootloader/system.o
 .debug_abbrev  0x00001161      0x18c build/braids_bootloader/bootloader_utils.o
 .debug_abbrev  0x000012ed      0x1fd build/braids_bootloader/system_clock.o
 .debug_abbrev  0x000014ea      0x4d2 build/braids_bootloader/demodulator.o
 .debug_abbrev  0x000019bc      0x3d5 build/braids_bootloader/packet_decoder.o
 .debug_abbrev  0x00001d91       0xbb build/braids_bootloader/core_cm3.o
 .debug_abbrev  0x00001e4c      0x113 build/braids_bootloader/system_stm32f10x.o
 .debug_abbrev  0x00001f5f      0x141 build/braids_bootloader/misc.o
 .debug_abbrev  0x000020a0      0x268 build/braids_bootloader/stm32f10x_flash.o
 .debug_abbrev  0x00002308      0x1e7 build/braids_bootloader/stm32f10x_gpio.o
 .debug_abbrev  0x000024ef      0x23f build/braids_bootloader/stm32f10x_rcc.o
 .debug_abbrev  0x0000272e      0x1eb build/braids_bootloader/stm32f10x_spi.o
 .debug_abbrev  0x00002919      0x297 build/braids_bootloader/stm32f10x_tim.o

.debug_loc      0x00000000     0x59a8
 .debug_loc     0x00000000      0x4eb build/braids_bootloader/bootloader.o
 .debug_loc     0x000004eb      0x14e build/braids_bootloader/adc.o
 .debug_loc     0x00000639      0x15a build/braids_bootloader/display.o
 .debug_loc     0x00000793       0x58 build/braids_bootloader/encoder.o
 .debug_loc     0x000007eb       0x8f build/braids_bootloader/system.o
 .debug_loc     0x0000087a       0x21 build/braids_bootloader/bootloader_utils.o
 .debug_loc     0x0000089b      0xe39 build/braids_bootloader/demodulator.o
 .debug_loc     0x000016d4      0x30c build/braids_bootloader/packet_decoder.o
 .debug_loc     0x000019e0      0x33a build/braids_bootloader/core_cm3.o
 .debug_loc     0x00001d1a      0x13d build/braids_bootloader/misc.o
 .debug_loc     0x00001e57      0x856 build/braids_bootloader/stm32f10x_flash.o
 .debug_loc     0x000026ad      0x5f3 build/braids_bootloader/stm32f10x_gpio.o
 .debug_loc     0x00002ca0      0x76e build/braids_bootloader/stm32f10x_rcc.o
 .debug_loc     0x0000340e      0x52c build/braids_bootloader/stm32f10x_spi.o
 .debug_loc     0x0000393a     0x206e build/braids_bootloader/stm32f10x_tim.o

.debug_aranges  0x00000000      0x9c8
 .debug_aranges
                0x00000000       0xd0 build/braids_bootloader/bootloader.o
 .debug_aranges
                0x000000d0       0x18 build/braids_bootloader/characters.o
 .debug_aranges
                0x000000e8       0x30 build/braids_bootloader/adc.o
 .debug_aranges
                0x00000118       0x38 build/braids_bootloader/display.o
 .debug_aranges
                0x00000150       0x28 build/braids_bootloader/encoder.o
 .debug_aranges
                0x00000178       0x28 build/braids_bootloader/system.o
 .debug_aranges
                0x000001a0       0x28 build/braids_bootloader/bootloader_utils.o
 .debug_aranges
                0x000001c8       0x28 build/braids_bootloader/system_clock.o
 .debug_aranges
                0x000001f0       0x48 build/braids_bootloader/demodulator.o
 .debug_aranges
                0x00000238       0x38 build/braids_bootloader/packet_decoder.o
 .debug_aranges
                0x00000270       0xc8 build/braids_bootloader/core_cm3.o
 .debug_aranges
                0x00000338       0x20 build/braids_bootloader/system_stm32f10x.o
 .debug_aranges
                0x00000358       0x40 build/braids_bootloader/misc.o
 .debug_aranges
                0x00000398       0xd0 build/braids_bootloader/stm32f10x_flash.o
 .debug_aranges
                0x00000468       0xa8 build/braids_bootloader/stm32f10x_gpio.o
 .debug_aranges
                0x00000510      0x118 build/braids_bootloader/stm32f10x_rcc.o
 .debug_aranges
                0x00000628       0xd0 build/braids_bootloader/stm32f10x_spi.o
 .debug_aranges
                0x000006f8      0x2d0 build/braids_bootloader/stm32f10x_tim.o

.debug_ranges   0x00000000      0xff8
 .debug_ranges  0x00000000      0x370 build/braids_bootloader/bootloader.o
 .debug_ranges  0x00000370       0x50 build/braids_bootloader/adc.o
 .debug_ranges  0x000003c0       0x60 build/braids_bootloader/display.o
 .debug_ranges  0x00000420       0x18 build/braids_bootloader/encoder.o
 .debug_ranges  0x00000438       0x30 build/braids_bootloader/system.o
 .debug_ranges  0x00000468       0x30 build/braids_bootloader/bootloader_utils.o
 .debug_ranges  0x00000498       0x18 build/braids_bootloader/system_clock.o
 .debug_ranges  0x000004b0      0x248 build/braids_bootloader/demodulator.o
 .debug_ranges  0x000006f8       0x78 build/braids_bootloader/packet_decoder.o
 .debug_ranges  0x00000770       0xb8 build/braids_bootloader/core_cm3.o
 .debug_ranges  0x00000828       0x28 build/braids_bootloader/system_stm32f10x.o
 .debug_ranges  0x00000850       0x30 build/braids_bootloader/misc.o
 .debug_ranges  0x00000880       0xc0 build/braids_bootloader/stm32f10x_flash.o
 .debug_ranges  0x00000940       0x98 build/braids_bootloader/stm32f10x_gpio.o
 .debug_ranges  0x000009d8      0x108 build/braids_bootloader/stm32f10x_rcc.o
 .debug_ranges  0x00000ae0       0xc0 build/braids_bootloader/stm32f10x_spi.o
 .debug_ranges  0x00000ba0      0x458 build/braids_bootloader/stm32f10x_tim.o

.debug_line     0x00000000     0x3b23
 .debug_line    0x00000000      0x8b4 build/braids_bootloader/bootloader.o
 .debug_line    0x000008b4       0x6d build/braids_bootloader/characters.o
 .debug_line    0x00000921      0x21b build/braids_bootloader/adc.o
 .debug_line    0x00000b3c      0x218 build/braids_bootloader/display.o
 .debug_line    0x00000d54      0x15d build/braids_bootloader/encoder.o
 .debug_line    0x00000eb1      0x1b5 build/braids_bootloader/system.o
 .debug_line    0x00001066      0x112 build/braids_bootloader/bootloader_utils.o
 .debug_line    0x00001178       0xce build/braids_bootloader/system_clock.o
 .debug_line    0x00001246      0x61a build/braids_bootloader/demodulator.o
 .debug_line    0x00001860      0x3f5 build/braids_bootloader/packet_decoder.o
 .debug_line    0x00001c55      0x218 build/braids_bootloader/core_cm3.o
 .debug_line    0x00001e6d       0xed build/braids_bootloader/system_stm32f10x.o
 .debug_line    0x00001f5a      0x197 build/braids_bootloader/misc.o
 .debug_line    0x000020f1      0x3f6 build/braids_bootloader/stm32f10x_flash.o
 .debug_line    0x000024e7      0x319 build/braids_bootloader/stm32f10x_gpio.o
 .debug_line    0x00002800      0x3f1 build/braids_bootloader/stm32f10x_rcc.o
 .debug_line    0x00002bf1      0x385 build/braids_bootloader/stm32f10x_spi.o
 .debug_line    0x00002f76      0xbad build/braids_bootloader/stm32f10x_tim.o

.debug_str      0x00000000     0x43a0
 .debug_str     0x00000000     0x1cd9 build/braids_bootloader/bootloader.o
                               0x1e3d (size before relaxing)
 .debug_str     0x00001cd9       0x4b build/braids_bootloader/characters.o
                                0x228 (size before relaxing)
 .debug_str     0x00001d24      0x297 build/braids_bootloader/adc.o
                                0x6bf (size before relaxing)
 .debug_str     0x00001fbb       0x5a build/braids_bootloader/display.o
                                0x5aa (size before relaxing)
 .debug_str     0x00002015       0x1a build/braids_bootloader/encoder.o
                                0x53c (size before relaxing)
 .debug_str     0x0000202f      0x584 build/braids_bootloader/system.o
                                0x9b1 (size before relaxing)
 .debug_str     0x000025b3       0xb2 build/braids_bootloader/bootloader_utils.o
                                0x343 (size before relaxing)
 .debug_str     0x00002665       0x63 build/braids_bootloader/system_clock.o
                                0x3c6 (size before relaxing)
 .debug_str     0x000026c8      0x290 build/braids_bootloader/demodulator.o
                               0x116e (size before relaxing)
 .debug_str     0x00002958       0x72 build/braids_bootloader/packet_decoder.o
                                0x7ce (size before relaxing)
 .debug_str     0x000029ca      0x263 build/braids_bootloader/core_cm3.o
                                0x342 (size before relaxing)
 .debug_str     0x00002c2d      0x100 build/braids_bootloader/system_stm32f10x.o
                                0x326 (size before relaxing)
 .debug_str     0x00002d2d       0xe2 build/braids_bootloader/misc.o
                                0x43f (size before relaxing)
 .debug_str     0x00002e0f      0x329 build/braids_bootloader/stm32f10x_flash.o
                                0x5f3 (size before relaxing)
 .debug_str     0x00003138      0x239 build/braids_bootloader/stm32f10x_gpio.o
                                0x59c (size before relaxing)
 .debug_str     0x00003371      0x3a4 build/braids_bootloader/stm32f10x_rcc.o
                                0x696 (size before relaxing)
 .debug_str     0x00003715      0x28b build/braids_bootloader/stm32f10x_spi.o
                                0x6b9 (size before relaxing)
 .debug_str     0x000039a0      0xa00 build/braids_bootloader/stm32f10x_tim.o
                                0xe87 (size before relaxing)

.debug_frame    0x00000000     0x1484
 .debug_frame   0x00000000      0x1fc build/braids_bootloader/bootloader.o
 .debug_frame   0x000001fc       0x64 build/braids_bootloader/adc.o
 .debug_frame   0x00000260       0x6c build/braids_bootloader/display.o
 .debug_frame   0x000002cc       0x4c build/braids_bootloader/encoder.o
 .debug_frame   0x00000318       0x48 build/braids_bootloader/system.o
 .debug_frame   0x00000360       0x40 build/braids_bootloader/bootloader_utils.o
 .debug_frame   0x000003a0       0x30 build/braids_bootloader/system_clock.o
 .debug_frame   0x000003d0       0xc0 build/braids_bootloader/demodulator.o
 .debug_frame   0x00000490       0x6c build/braids_bootloader/packet_decoder.o
 .debug_frame   0x000004fc      0x170 build/braids_bootloader/core_cm3.o
 .debug_frame   0x0000066c       0x28 build/braids_bootloader/system_stm32f10x.o
 .debug_frame   0x00000694       0x68 build/braids_bootloader/misc.o
 .debug_frame   0x000006fc      0x1f8 build/braids_bootloader/stm32f10x_flash.o
 .debug_frame   0x000008f4      0x15c build/braids_bootloader/stm32f10x_gpio.o
 .debug_frame   0x00000a50      0x21c build/braids_bootloader/stm32f10x_rcc.o
 .debug_frame   0x00000c6c      0x1ac build/braids_bootloader/stm32f10x_spi.o
 .debug_frame   0x00000e18      0x614 build/braids_bootloader/stm32f10x_tim.o
 .debug_frame   0x0000142c       0x2c /usr/local/arm-4.8.3/bin/../lib/gcc/arm-none-eabi/4.8.3/../../../../arm-none-eabi/lib/armv7-m/libc.a(lib_a-memset.o)
 .debug_frame   0x00001458       0x2c /usr/local/arm-4.8.3/bin/../lib/gcc/arm-none-eabi/4.8.3/../../../../arm-none-eabi/lib/armv7-m/libc.a(lib_a-strncpy.o)
